Component: ARM Compiler 5.06 update 6 (build 750) Tool: armlink [4d35ed]

==============================================================================

Section Cross References

    startup_stm32f401xc.o(RESET) refers to startup_stm32f401xc.o(STACK) for __initial_sp
    startup_stm32f401xc.o(RESET) refers to startup_stm32f401xc.o(.text) for Reset_Handler
    startup_stm32f401xc.o(RESET) refers to stm32f4xx_it.o(i.NMI_Handler) for NMI_Handler
    startup_stm32f401xc.o(RESET) refers to stm32f4xx_it.o(i.HardFault_Handler) for HardFault_Handler
    startup_stm32f401xc.o(RESET) refers to stm32f4xx_it.o(i.MemManage_Handler) for MemManage_Handler
    startup_stm32f401xc.o(RESET) refers to stm32f4xx_it.o(i.BusFault_Handler) for BusFault_Handler
    startup_stm32f401xc.o(RESET) refers to stm32f4xx_it.o(i.UsageFault_Handler) for UsageFault_Handler
    startup_stm32f401xc.o(RESET) refers to stm32f4xx_it.o(i.SVC_Handler) for SVC_Handler
    startup_stm32f401xc.o(RESET) refers to stm32f4xx_it.o(i.DebugMon_Handler) for DebugMon_Handler
    startup_stm32f401xc.o(RESET) refers to stm32f4xx_it.o(i.PendSV_Handler) for PendSV_Handler
    startup_stm32f401xc.o(RESET) refers to stm32f4xx_it.o(i.SysTick_Handler) for SysTick_Handler
    startup_stm32f401xc.o(RESET) refers to stm32f4xx_it.o(i.USART1_IRQHandler) for USART1_IRQHandler
    startup_stm32f401xc.o(RESET) refers to stm32f4xx_it.o(i.OTG_FS_IRQHandler) for OTG_FS_IRQHandler
    startup_stm32f401xc.o(.text) refers to system_stm32f4xx.o(i.SystemInit) for SystemInit
    startup_stm32f401xc.o(.text) refers to entry.o(.ARM.Collect$$$$00000000) for __main
    stm32f4xx_hal_cortex.o(i.HAL_NVIC_SetPriority) refers to stm32f4xx_hal_cortex.o(i.__NVIC_SetPriority) for __NVIC_SetPriority
    stm32f4xx_hal_cortex.o(i.HAL_SYSTICK_Config) refers to stm32f4xx_hal_cortex.o(i.__NVIC_SetPriority) for __NVIC_SetPriority
    stm32f4xx_hal_cortex.o(i.HAL_SYSTICK_IRQHandler) refers to stm32f4xx_hal_cortex.o(i.HAL_SYSTICK_Callback) for HAL_SYSTICK_Callback
    stm32f4xx_hal.o(i.HAL_DeInit) refers to stm32f4xx_hal.o(i.HAL_MspDeInit) for HAL_MspDeInit
    stm32f4xx_hal.o(i.HAL_Delay) refers to stm32f4xx_hal.o(i.HAL_GetTick) for HAL_GetTick
    stm32f4xx_hal.o(i.HAL_Delay) refers to stm32f4xx_hal.o(.data) for .data
    stm32f4xx_hal.o(i.HAL_GetTick) refers to stm32f4xx_hal.o(.data) for .data
    stm32f4xx_hal.o(i.HAL_GetTickFreq) refers to stm32f4xx_hal.o(.data) for .data
    stm32f4xx_hal.o(i.HAL_GetTickPrio) refers to stm32f4xx_hal.o(.data) for .data
    stm32f4xx_hal.o(i.HAL_IncTick) refers to stm32f4xx_hal.o(.data) for .data
    stm32f4xx_hal.o(i.HAL_Init) refers to stm32f4xx_hal_cortex.o(i.HAL_NVIC_SetPriorityGrouping) for HAL_NVIC_SetPriorityGrouping
    stm32f4xx_hal.o(i.HAL_Init) refers to stm32f4xx_hal.o(i.HAL_InitTick) for HAL_InitTick
    stm32f4xx_hal.o(i.HAL_Init) refers to stm32f4xx_hal.o(i.HAL_MspInit) for HAL_MspInit
    stm32f4xx_hal.o(i.HAL_InitTick) refers to stm32f4xx_hal_cortex.o(i.HAL_SYSTICK_Config) for HAL_SYSTICK_Config
    stm32f4xx_hal.o(i.HAL_InitTick) refers to stm32f4xx_hal_cortex.o(i.HAL_NVIC_SetPriority) for HAL_NVIC_SetPriority
    stm32f4xx_hal.o(i.HAL_InitTick) refers to stm32f4xx_hal.o(.data) for .data
    stm32f4xx_hal.o(i.HAL_InitTick) refers to system_stm32f4xx.o(.data) for SystemCoreClock
    stm32f4xx_hal.o(i.HAL_SetTickFreq) refers to stm32f4xx_hal.o(i.HAL_InitTick) for HAL_InitTick
    stm32f4xx_hal.o(i.HAL_SetTickFreq) refers to stm32f4xx_hal.o(.data) for .data
    stm32f4xx_hal_flash.o(i.FLASH_SetErrorCode) refers to stm32f4xx_hal_flash.o(.bss) for .bss
    stm32f4xx_hal_flash.o(i.FLASH_WaitForLastOperation) refers to stm32f4xx_hal.o(i.HAL_GetTick) for HAL_GetTick
    stm32f4xx_hal_flash.o(i.FLASH_WaitForLastOperation) refers to stm32f4xx_hal_flash.o(i.FLASH_SetErrorCode) for FLASH_SetErrorCode
    stm32f4xx_hal_flash.o(i.FLASH_WaitForLastOperation) refers to stm32f4xx_hal_flash.o(.bss) for .bss
    stm32f4xx_hal_flash.o(i.HAL_FLASH_GetError) refers to stm32f4xx_hal_flash.o(.bss) for .bss
    stm32f4xx_hal_flash.o(i.HAL_FLASH_IRQHandler) refers to stm32f4xx_hal_flash.o(i.FLASH_SetErrorCode) for FLASH_SetErrorCode
    stm32f4xx_hal_flash.o(i.HAL_FLASH_IRQHandler) refers to stm32f4xx_hal_flash.o(i.HAL_FLASH_OperationErrorCallback) for HAL_FLASH_OperationErrorCallback
    stm32f4xx_hal_flash.o(i.HAL_FLASH_IRQHandler) refers to stm32f4xx_hal_flash.o(i.HAL_FLASH_EndOfOperationCallback) for HAL_FLASH_EndOfOperationCallback
    stm32f4xx_hal_flash.o(i.HAL_FLASH_IRQHandler) refers to stm32f4xx_hal_flash_ex.o(i.FLASH_Erase_Sector) for FLASH_Erase_Sector
    stm32f4xx_hal_flash.o(i.HAL_FLASH_IRQHandler) refers to stm32f4xx_hal_flash_ex.o(i.FLASH_FlushCaches) for FLASH_FlushCaches
    stm32f4xx_hal_flash.o(i.HAL_FLASH_IRQHandler) refers to stm32f4xx_hal_flash.o(.bss) for .bss
[...]
    lcdSetPin                                0x08006d15   Thumb Code    22  lcd.o(i.lcdSetPin)
    i.lcdWrite                               0x08006d30   Section        0  lcd.o(i.lcdWrite)
    lcdWrite                                 0x08006d31   Thumb Code   140  lcd.o(i.lcdWrite)
    i.lcdWriteCommand                        0x08006dc0   Section        0  lcd.o(i.lcdWriteCommand)
    i.lcdWriteData                           0x08006e16   Section        0  lcd.o(i.lcdWriteData)
    i.ld_clust                               0x08006e74   Section        0  ff.o(i.ld_clust)
    ld_clust                                 0x08006e75   Thumb Code    38  ff.o(i.ld_clust)
    i.ld_dword                               0x08006e9a   Section        0  ff.o(i.ld_dword)
    ld_dword                                 0x08006e9b   Thumb Code    22  ff.o(i.ld_dword)
    i.ld_word                                0x08006eb0   Section        0  ff.o(i.ld_word)
    ld_word                                  0x08006eb1   Thumb Code    10  ff.o(i.ld_word)
    i.ledAlarm                               0x08006ebc   Section        0  main.o(i.ledAlarm)
    i.ledStatus                              0x08006ed0   Section        0  main.o(i.ledStatus)
    i.load                                   0x08006ee4   Section        0  db.o(i.load)
    load                                     0x08006ee5   Thumb Code    44  db.o(i.load)
    i.main                                   0x08006f20   Section        0  main.o(i.main)
    i.malloc                                 0x08007190   Section        0  malloc.o(i.malloc)
    i.mem_cpy                                0x080071fc   Section        0  ff.o(i.mem_cpy)
    mem_cpy                                  0x080071fd   Thumb Code    18  ff.o(i.mem_cpy)
    i.mem_set                                0x08007210   Section        0  ff.o(i.mem_set)
    mem_set                                  0x08007211   Thumb Code    14  ff.o(i.mem_set)
    i.move_window                            0x0800721e   Section        0  ff.o(i.move_window)
    move_window                              0x0800721f   Thumb Code    50  ff.o(i.move_window)
    i.parseKeyValue                          0x08007250   Section        0  boot.o(i.parseKeyValue)
    i.put_fat                                0x080072a8   Section        0  ff.o(i.put_fat)
    put_fat                                  0x080072a9   Thumb Code   234  ff.o(i.put_fat)
    i.remove_chain                           0x08007392   Section        0  ff.o(i.remove_chain)
    remove_chain                             0x08007393   Thumb Code   116  ff.o(i.remove_chain)
    i.save                                   0x08007408   Section        0  db.o(i.save)
    save                                     0x08007409   Thumb Code    80  db.o(i.save)
    i.st_clust                               0x0800746c   Section        0  ff.o(i.st_clust)
    st_clust                                 0x0800746d   Thumb Code    40  ff.o(i.st_clust)
    i.st_dword                               0x08007494   Section        0  ff.o(i.st_dword)
    st_dword                                 0x08007495   Thumb Code    16  ff.o(i.st_dword)
    i.st_word                                0x080074a4   Section        0  ff.o(i.st_word)
    st_word                                  0x080074a5   Thumb Code     8  ff.o(i.st_word)
    i.sum_sfn                                0x080074ac   Section        0  ff.o(i.sum_sfn)
    sum_sfn                                  0x080074ad   Thumb Code    26  ff.o(i.sum_sfn)
    i.sync_fs                                0x080074c8   Section        0  ff.o(i.sync_fs)
    sync_fs                                  0x080074c9   Thumb Code   126  ff.o(i.sync_fs)
    i.sync_window                            0x08007550   Section        0  ff.o(i.sync_window)
    sync_window                              0x08007551   Thumb Code    82  ff.o(i.sync_window)
    i.validate                               0x080075a2   Section        0  ff.o(i.validate)
    validate                                 0x080075a3   Thumb Code    52  ff.o(i.validate)
    .constdata                               0x080075d6   Section      170  ff.o(.constdata)
    ExCvt                                    0x080075d6   Data         128  ff.o(.constdata)
    LfnOfs                                   0x08007656   Data          13  ff.o(.constdata)
    cst                                      0x08007664   Data          14  ff.o(.constdata)
    cst32                                    0x08007672   Data          14  ff.o(.constdata)
    .constdata                               0x08007680   Section      942  unicode.o(.constdata)
    Tbl                                      0x08007680   Data         256  unicode.o(.constdata)
    cvt1                                     0x08007780   Data         498  unicode.o(.constdata)
    cvt2                                     0x08007972   Data         188  unicode.o(.constdata)
    .constdata                               0x08007a2e   Section       16  system_stm32f4xx.o(.constdata)
    .constdata                               0x08007a3e   Section        8  system_stm32f4xx.o(.constdata)
    .constdata                               0x08007a48   Section       20  usbh_diskio_dma.o(.constdata)
    .constdata                               0x08007a5c   Section      129  ctype_o.o(.constdata)
    .constdata                               0x08007ae0   Section        4  ctype_o.o(.constdata)
    table                                    0x08007ae0   Data           4  ctype_o.o(.constdata)
    .conststring                             0x08007ae4   Section        4  usbh_msc.o(.conststring)
    .data                                    0x20000000   Section       12  stm32f4xx_hal.o(.data)
    .data                                    0x2000000c   Section        4  stm32f4xx_ll_usb.o(.data)
    tmpreg                                   0x2000000c   Data           4  stm32f4xx_ll_usb.o(.data)
    .data                                    0x20000010   Section       32  usbh_msc.o(.data)
    .data                                    0x20000030   Section       12  ff.o(.data)
    Fsid                                     0x20000030   Data           2  ff.o(.data)
    FatFs                                    0x20000034   Data           8  ff.o(.data)
    .data                                    0x2000003c   Section        4  system_stm32f4xx.o(.data)
    .data                                    0x20000040   Section        5  main.o(.data)
    .data                                    0x20000048   Section       96  lcd.o(.data)
    g_lcd_configure                          0x20000048   Data          96  lcd.o(.data)
    .data                                    0x200000a8   Section       20  boot.o(.data)
    erase_init_struct                        0x200000a8   Data          20  boot.o(.data)
    .data                                    0x200000bc   Section       20  db.o(.data)
    erase_init_struct                        0x200000bc   Data          20  db.o(.data)
    .data                                    0x200000d0   Section        4  stdout.o(.data)
    .data                                    0x200000d4   Section        4  mvars.o(.data)
    .data                                    0x200000d8   Section        4  mvars.o(.data)
    .data                                    0x200000dc   Section        4  errno.o(.data)
    _errno                                   0x200000dc   Data           4  errno.o(.data)
    .bss                                     0x200000e0   Section       32  stm32f4xx_hal_flash.o(.bss)
    .bss                                     0x20000100   Section       16  ff_gen_drv.o(.bss)
    .bss                                     0x20000110   Section       32  ff.o(.bss)
    Files                                    0x20000110   Data          32  ff.o(.bss)
    .bss                                     0x20000130   Section      324  usart.o(.bss)
    .bss                                     0x20000274   Section     1280  main.o(.bss)
    USBH_fatfs                               0x20000274   Data         564  main.o(.bss)
    .bss                                     0x20000774   Section      708  usbh_conf.o(.bss)
    .bss                                     0x20000a38   Section      512  usbh_diskio_dma.o(.bss)
    scratch                                  0x20000a38   Data         512  usbh_diskio_dma.o(.bss)
    .bss                                     0x20000c38   Section     1016  db.o(.bss)
    db_master                                0x20000c38   Data         508  db.o(.bss)
    db_bakup                                 0x20000e34   Data         508  db.o(.bss)
    HEAP                                     0x20001030   Section     8192  startup_stm32f401xc.o(HEAP)
    STACK                                    0x20003030   Section     2048  startup_stm32f401xc.o(STACK)

    Global Symbols

    Symbol Name                              Value     Ov Type        Size  Object(Section)

    BuildAttributes$$THM_ISAv4$E$P$D$K$B$S$7EM$VFPi3$EXTD16$VFPS$VFMA$PE$A:L22UL41UL21$X:L11$S22US41US21$IEEE1$IW$USESV6$~STKCKD$USESV7$~SHL$OSPACE$ROPI$EBA8$MICROLIB$REQ8$PRES8$EABIv2 0x00000000   Number         0  anon$$obj.o ABSOLUTE
    __ARM_use_no_argv                        0x00000000   Number         0  main.o ABSOLUTE
    _printf_a                                0x00000000   Number         0  stubs.o ABSOLUTE
    _printf_c                                0x00000000   Number         0  stubs.o ABSOLUTE
    _printf_charcount                        0x00000000   Number         0  stubs.o ABSOLUTE
    _printf_d                                0x00000000   Number         0  stubs.o ABSOLUTE
    _printf_e                                0x00000000   Number         0  stubs.o ABSOLUTE
    _printf_f                                0x00000000   Number         0  stubs.o ABSOLUTE
    _printf_flags                            0x00000000   Number         0  stubs.o ABSOLUTE
    _printf_fp_dec                           0x00000000   Number         0  stubs.o ABSOLUTE
    _printf_fp_hex                           0x00000000   Number         0  stubs.o ABSOLUTE
    _printf_g                                0x00000000   Number         0  stubs.o ABSOLUTE
    _printf_i                                0x00000000   Number         0  stubs.o ABSOLUTE
    _printf_int_dec                          0x00000000   Number         0  stubs.o ABSOLUTE
    _printf_l                                0x00000000   Number         0  stubs.o ABSOLUTE
    _printf_lc                               0x00000000   Number         0  stubs.o ABSOLUTE
    _printf_ll                               0x00000000   Number         0  stubs.o ABSOLUTE
    _printf_lld                              0x00000000   Number         0  stubs.o ABSOLUTE
    _printf_lli                              0x00000000   Number         0  stubs.o ABSOLUTE
    _printf_llo                              0x00000000   Number         0  stubs.o ABSOLUTE
    _printf_llu                              0x00000000   Number         0  stubs.o ABSOLUTE
    _printf_llx                              0x00000000   Number         0  stubs.o ABSOLUTE
    _printf_longlong_dec                     0x00000000   Number         0  stubs.o ABSOLUTE
    _printf_longlong_hex                     0x00000000   Number         0  stubs.o ABSOLUTE
    _printf_longlong_oct                     0x00000000   Number         0  stubs.o ABSOLUTE
    _printf_ls                               0x00000000   Number         0  stubs.o ABSOLUTE
    _printf_mbtowc                           0x00000000   Number         0  stubs.o ABSOLUTE
    _printf_n                                0x00000000   Number         0  stubs.o ABSOLUTE
    _printf_o                                0x00000000   Number         0  stubs.o ABSOLUTE
    _printf_p                                0x00000000   Number         0  stubs.o ABSOLUTE
    _printf_percent                          0x00000000   Number         0  stubs.o ABSOLUTE
    _printf_pre_padding                      0x00000000   Number         0  stubs.o ABSOLUTE
    _printf_return_value                     0x00000000   Number         0  stubs.o ABSOLUTE
    _printf_s                                0x00000000   Number         0  stubs.o ABSOLUTE
    _printf_sizespec                         0x00000000   Number         0  stubs.o ABSOLUTE
    _printf_str                              0x00000000   Number         0  stubs.o ABSOLUTE
    _printf_truncate_signed                  0x00000000   Number         0  stubs.o ABSOLUTE
    _printf_truncate_unsigned                0x00000000   Number         0  stubs.o ABSOLUTE
    _printf_u                                0x00000000   Number         0  stubs.o ABSOLUTE
    _printf_wc                               0x00000000   Number         0  stubs.o ABSOLUTE
    _printf_wctomb                           0x00000000   Number         0  stubs.o ABSOLUTE
    _printf_widthprec                        0x00000000   Number         0  stubs.o ABSOLUTE
    _printf_x                                0x00000000   Number         0  stubs.o ABSOLUTE
    __cpp_initialize__aeabi_                  - Undefined Weak Reference
    __cxa_finalize                            - Undefined Weak Reference
    __decompress                              - Undefined Weak Reference
    _clock_init                               - Undefined Weak Reference
    _microlib_exit                            - Undefined Weak Reference
    __Vectors_Size                           0x00000194   Number         0  startup_stm32f401xc.o ABSOLUTE
    __Vectors                                0x08000000   Data           4  startup_stm32f401xc.o(RESET)
    __Vectors_End                            0x08000194   Data           0  startup_stm32f401xc.o(RESET)
    __main                                   0x08000195   Thumb Code     0  entry.o(.ARM.Collect$$$$00000000)
    _main_stk                                0x08000195   Thumb Code     0  entry2.o(.ARM.Collect$$$$00000001)
    _main_scatterload                        0x08000199   Thumb Code     0  entry5.o(.ARM.Collect$$$$00000004)
    __main_after_scatterload                 0x0800019d   Thumb Code     0  entry5.o(.ARM.Collect$$$$00000004)
    _main_clock                              0x0800019d   Thumb Code     0  entry7b.o(.ARM.Collect$$$$00000008)
    _main_cpp_init                           0x0800019d   Thumb Code     0  entry8b.o(.ARM.Collect$$$$0000000A)
    _main_init                               0x0800019d   Thumb Code     0  entry9a.o(.ARM.Collect$$$$0000000B)
    __rt_final_cpp                           0x080001a5   Thumb Code     0  entry10a.o(.ARM.Collect$$$$0000000D)
    __rt_final_exit                          0x080001a5   Thumb Code     0  entry11a.o(.ARM.Collect$$$$0000000F)
    Reset_Handler                            0x080001a9   Thumb Code     8  startup_stm32f401xc.o(.text)
    ADC_IRQHandler                           0x080001c3   Thumb Code     0  startup_stm32f401xc.o(.text)
    DMA1_Stream0_IRQHandler                  0x080001c3   Thumb Code     0  startup_stm32f401xc.o(.text)
    DMA1_Stream1_IRQHandler                  0x080001c3   Thumb Code     0  startup_stm32f401xc.o(.text)
    DMA1_Stream2_IRQHandler                  0x080001c3   Thumb Code     0  startup_stm32f401xc.o(.text)
    DMA1_Stream3_IRQHandler                  0x080001c3   Thumb Code     0  startup_stm32f401xc.o(.text)
    DMA1_Stream4_IRQHandler                  0x080001c3   Thumb Code     0  startup_stm32f401xc.o(.text)
    DMA1_Stream5_IRQHandler                  0x080001c3   Thumb Code     0  startup_stm32f401xc.o(.text)
    DMA1_Stream6_IRQHandler                  0x080001c3   Thumb Code     0  startup_stm32f401xc.o(.text)
    DMA1_Stream7_IRQHandler                  0x080001c3   Thumb Code     0  startup_stm32f401xc.o(.text)
    DMA2_Stream0_IRQHandler                  0x080001c3   Thumb Code     0  startup_stm32f401xc.o(.text)
    DMA2_Stream1_IRQHandler                  0x080001c3   Thumb Code     0  startup_stm32f401xc.o(.text)
    DMA2_Stream2_IRQHandler                  0x080001c3   Thumb Code     0  startup_stm32f401xc.o(.text)
    DMA2_Stream3_IRQHandler                  0x080001c3   Thumb Code     0  startup_stm32f401xc.o(.text)
    DMA2_Stream4_IRQHandler                  0x080001c3   Thumb Code     0  startup_stm32f401xc.o(.text)
    DMA2_Stream5_IRQHandler                  0x080001c3   Thumb Code     0  startup_stm32f401xc.o(.text)
    DMA2_Stream6_IRQHandler                  0x080001c3   Thumb Code     0  startup_stm32f401xc.o(.text)
    DMA2_Stream7_IRQHandler                  0x080001c3   Thumb Code     0  startup_stm32f401xc.o(.text)
    EXTI0_IRQHandler                         0x080001c3   Thumb Code     0  startup_stm32f401xc.o(.text)
    EXTI15_10_IRQHandler                     0x080001c3   Thumb Code     0  startup_stm32f401xc.o(.text)
    EXTI1_IRQHandler                         0x080001c3   Thumb Code     0  startup_stm32f401xc.o(.text)
    EXTI2_IRQHandler                         0x080001c3   Thumb Code     0  startup_stm32f401xc.o(.text)
    EXTI3_IRQHandler                         0x080001c3   Thumb Code     0  startup_stm32f401xc.o(.text)
    EXTI4_IRQHandler                         0x080001c3   Thumb Code     0  startup_stm32f401xc.o(.text)
    EXTI9_5_IRQHandler                       0x080001c3   Thumb Code     0  startup_stm32f401xc.o(.text)
    FLASH_IRQHandler                         0x080001c3   Thumb Code     0  startup_stm32f401xc.o(.text)
    FPU_IRQHandler                           0x080001c3   Thumb Code     0  startup_stm32f401xc.o(.text)
    I2C1_ER_IRQHandler                       0x080001c3   Thumb Code     0  startup_stm32f401xc.o(.text)
    I2C1_EV_IRQHandler                       0x080001c3   Thumb Code     0  startup_stm32f401xc.o(.text)
    I2C2_ER_IRQHandler                       0x080001c3   Thumb Code     0  startup_stm32f401xc.o(.text)
    I2C2_EV_IRQHandler                       0x080001c3   Thumb Code     0  startup_stm32f401xc.o(.text)
    I2C3_ER_IRQHandler                       0x080001c3   Thumb Code     0  startup_stm32f401xc.o(.text)
    I2C3_EV_IRQHandler                       0x080001c3   Thumb Code     0  startup_stm32f401xc.o(.text)
    OTG_FS_WKUP_IRQHandler                   0x080001c3   Thumb Code     0  startup_stm32f401xc.o(.text)
    PVD_IRQHandler                           0x080001c3   Thumb Code     0  startup_stm32f401xc.o(.text)
    RCC_IRQHandler                           0x080001c3   Thumb Code     0  startup_stm32f401xc.o(.text)
    RTC_Alarm_IRQHandler                     0x080001c3   Thumb Code     0  startup_stm32f401xc.o(.text)
    RTC_WKUP_IRQHandler                      0x080001c3   Thumb Code     0  startup_stm32f401xc.o(.text)
    SDIO_IRQHandler                          0x080001c3   Thumb Code     0  startup_stm32f401xc.o(.text)
    SPI1_IRQHandler                          0x080001c3   Thumb Code     0  startup_stm32f401xc.o(.text)
    SPI2_IRQHandler                          0x080001c3   Thumb Code     0  startup_stm32f401xc.o(.text)
    SPI3_IRQHandler                          0x080001c3   Thumb Code     0  startup_stm32f401xc.o(.text)
    SPI4_IRQHandler                          0x080001c3   Thumb Code     0  startup_stm32f401xc.o(.text)
    TAMP_STAMP_IRQHandler                    0x080001c3   Thumb Code     0  startup_stm32f401xc.o(.text)
    TIM1_BRK_TIM9_IRQHandler                 0x080001c3   Thumb Code     0  startup_stm32f401xc.o(.text)
    TIM1_CC_IRQHandler                       0x080001c3   Thumb Code     0  startup_stm32f401xc.o(.text)
    TIM1_TRG_COM_TIM11_IRQHandler            0x080001c3   Thumb Code     0  startup_stm32f401xc.o(.text)
    TIM1_UP_TIM10_IRQHandler                 0x080001c3   Thumb Code     0  startup_stm32f401xc.o(.text)
    TIM2_IRQHandler                          0x080001c3   Thumb Code     0  startup_stm32f401xc.o(.text)
    TIM3_IRQHandler                          0x080001c3   Thumb Code     0  startup_stm32f401xc.o(.text)
    TIM4_IRQHandler                          0x080001c3   Thumb Code     0  startup_stm32f401xc.o(.text)
    TIM5_IRQHandler                          0x080001c3   Thumb Code     0  startup_stm32f401xc.o(.text)
    USART2_IRQHandler                        0x080001c3   Thumb Code     0  startup_stm32f401xc.o(.text)
    USART6_IRQHandler                        0x080001c3   Thumb Code     0  startup_stm32f401xc.o(.text)
    WWDG_IRQHandler                          0x080001c3   Thumb Code     0  startup_stm32f401xc.o(.text)
    __aeabi_uldivmod                         0x080001cd   Thumb Code    98  uldiv.o(.text)
    __aeabi_memcpy                           0x0800022f   Thumb Code    36  memcpya.o(.text)
    __aeabi_memcpy4                          0x0800022f   Thumb Code     0  memcpya.o(.text)
    __aeabi_memcpy8                          0x0800022f   Thumb Code     0  memcpya.o(.text)
    __aeabi_memset                           0x08000253   Thumb Code    14  memseta.o(.text)
    __aeabi_memset4                          0x08000253   Thumb Code     0  memseta.o(.text)
    __aeabi_memset8                          0x08000253   Thumb Code     0  memseta.o(.text)
    __aeabi_memclr                           0x08000261   Thumb Code     4  memseta.o(.text)
    __aeabi_memclr4                          0x08000261   Thumb Code     0  memseta.o(.text)
    __aeabi_memclr8                          0x08000261   Thumb Code     0  memseta.o(.text)
    _memset$wrapper                          0x08000265   Thumb Code    18  memseta.o(.text)
    strlen                                   0x08000277   Thumb Code    14  strlen.o(.text)
    strcmp                                   0x08000285   Thumb Code    28  strcmp.o(.text)
    memcmp                                   0x080002a1   Thumb Code    26  memcmp.o(.text)
    strtol                                   0x080002bb   Thumb Code   112  strtol.o(.text)
    __aeabi_llsl                             0x0800032b   Thumb Code    30  llshl.o(.text)
    _ll_shift_l                              0x0800032b   Thumb Code     0  llshl.o(.text)
    __aeabi_llsr                             0x08000349   Thumb Code    32  llushr.o(.text)
    _ll_ushift_r                             0x08000349   Thumb Code     0  llushr.o(.text)
    __rt_ctype_table                         0x08000369   Thumb Code     4  ctype_o.o(.text)
    _strtoul                                 0x08000371   Thumb Code   158  _strtoul.o(.text)
    __scatterload                            0x08000411   Thumb Code    28  init.o(.text)
    __scatterload_rt2                        0x08000411   Thumb Code     0  init.o(.text)
    _chval                                   0x08000435   Thumb Code    28  _chval.o(.text)
    BusFault_Handler                         0x08000451   Thumb Code     2  stm32f4xx_it.o(i.BusFault_Handler)
    DebugMon_Handler                         0x0800049b   Thumb Code     2  stm32f4xx_it.o(i.DebugMon_Handler)
    FATFS_LinkDriver                         0x0800049d   Thumb Code     6  ff_gen_drv.o(i.FATFS_LinkDriver)
    FATFS_LinkDriverEx                       0x080004a5   Thumb Code    60  ff_gen_drv.o(i.FATFS_LinkDriverEx)
    FATFS_UnLinkDriver                       0x080004e5   Thumb Code     6  ff_gen_drv.o(i.FATFS_UnLinkDriver)
    FATFS_UnLinkDriverEx                     0x080004ed   Thumb Code    48  ff_gen_drv.o(i.FATFS_UnLinkDriverEx)
    FLASH_Erase_Sector                       0x08000521   Thumb Code    74  stm32f4xx_hal_flash_ex.o(i.FLASH_Erase_Sector)
    FLASH_FlushCaches                        0x08000571   Thumb Code    80  stm32f4xx_hal_flash_ex.o(i.FLASH_FlushCaches)
    FLASH_WaitForLastOperation               0x080006f9   Thumb Code    72  stm32f4xx_hal_flash.o(i.FLASH_WaitForLastOperation)
    HAL_DMA_Abort_IT                         0x08000749   Thumb Code    36  stm32f4xx_hal_dma.o(i.HAL_DMA_Abort_IT)
    HAL_Delay                                0x0800076d   Thumb Code    32  stm32f4xx_hal.o(i.HAL_Delay)
    HAL_FLASHEx_Erase                        0x08000791   Thumb Code   144  stm32f4xx_hal_flash_ex.o(i.HAL_FLASHEx_Erase)
    HAL_FLASH_Lock                           0x08000829   Thumb Code    14  stm32f4xx_hal_flash.o(i.HAL_FLASH_Lock)
    HAL_FLASH_Program                        0x0800083d   Thumb Code   116  stm32f4xx_hal_flash.o(i.HAL_FLASH_Program)
    HAL_FLASH_Unlock                         0x080008b9   Thumb Code    32  stm32f4xx_hal_flash.o(i.HAL_FLASH_Unlock)
    HAL_GPIO_Init                            0x080008e5   Thumb Code   358  stm32f4xx_hal_gpio.o(i.HAL_GPIO_Init)
    HAL_GPIO_ReadPin                         0x08000a6d   Thumb Code    10  stm32f4xx_hal_gpio.o(i.HAL_GPIO_ReadPin)
    HAL_GPIO_WritePin                        0x08000a77   Thumb Code    10  stm32f4xx_hal_gpio.o(i.HAL_GPIO_WritePin)
    HAL_GetTick                              0x08000a81   Thumb Code     6  stm32f4xx_hal.o(i.HAL_GetTick)
    HAL_HCD_Connect_Callback                 0x08000a8d   Thumb Code     8  usbh_conf.o(i.HAL_HCD_Connect_Callback)
    HAL_HCD_Disconnect_Callback              0x08000a95   Thumb Code     8  usbh_conf.o(i.HAL_HCD_Disconnect_Callback)
    HAL_HCD_GetCurrentFrame                  0x08000a9d   Thumb Code     6  stm32f4xx_hal_hcd.o(i.HAL_HCD_GetCurrentFrame)
    HAL_HCD_GetCurrentSpeed                  0x08000aa3   Thumb Code     6  stm32f4xx_hal_hcd.o(i.HAL_HCD_GetCurrentSpeed)
    HAL_HCD_HC_GetURBState                   0x08000aa9   Thumb Code    14  stm32f4xx_hal_hcd.o(i.HAL_HCD_HC_GetURBState)
    HAL_HCD_HC_GetXferCount                  0x08000ab7   Thumb Code    12  stm32f4xx_hal_hcd.o(i.HAL_HCD_HC_GetXferCount)
    HAL_HCD_HC_Halt                          0x08000ac3   Thumb Code    36  stm32f4xx_hal_hcd.o(i.HAL_HCD_HC_Halt)
    HAL_HCD_HC_Init                          0x08000ae7   Thumb Code   114  stm32f4xx_hal_hcd.o(i.HAL_HCD_HC_Init)
    HAL_HCD_HC_NotifyURBChange_Callback      0x08000b59   Thumb Code     2  usbh_conf.o(i.HAL_HCD_HC_NotifyURBChange_Callback)
    HAL_HCD_HC_SubmitRequest                 0x08000b5b   Thumb Code   142  stm32f4xx_hal_hcd.o(i.HAL_HCD_HC_SubmitRequest)
    HAL_HCD_IRQHandler                       0x08000be9   Thumb Code   306  stm32f4xx_hal_hcd.o(i.HAL_HCD_IRQHandler)
    HAL_HCD_Init                             0x08000d1b   Thumb Code   104  stm32f4xx_hal_hcd.o(i.HAL_HCD_Init)
    HAL_HCD_MspInit                          0x08000d85   Thumb Code    84  usbh_conf.o(i.HAL_HCD_MspInit)
    HAL_HCD_PortDisabled_Callback            0x08000de1   Thumb Code     8  usbh_conf.o(i.HAL_HCD_PortDisabled_Callback)
    HAL_HCD_PortEnabled_Callback             0x08000de9   Thumb Code     8  usbh_conf.o(i.HAL_HCD_PortEnabled_Callback)
    HAL_HCD_ResetPort                        0x08000df1   Thumb Code     6  stm32f4xx_hal_hcd.o(i.HAL_HCD_ResetPort)
    HAL_HCD_SOF_Callback                     0x08000df7   Thumb Code     8  usbh_conf.o(i.HAL_HCD_SOF_Callback)
    HAL_HCD_Start                            0x08000dff   Thumb Code    44  stm32f4xx_hal_hcd.o(i.HAL_HCD_Start)
    HAL_HCD_Stop                             0x08000e2b   Thumb Code    36  stm32f4xx_hal_hcd.o(i.HAL_HCD_Stop)
    HAL_IncTick                              0x08000e51   Thumb Code    12  stm32f4xx_hal.o(i.HAL_IncTick)
    HAL_Init                                 0x08000e61   Thumb Code    48  stm32f4xx_hal.o(i.HAL_Init)
    HAL_InitTick                             0x08000e95   Thumb Code    54  stm32f4xx_hal.o(i.HAL_InitTick)
    HAL_MspInit                              0x08000ed5   Thumb Code     2  stm32f4xx_hal.o(i.HAL_MspInit)
    HAL_NVIC_DisableIRQ                      0x08000ed7   Thumb Code    34  stm32f4xx_hal_cortex.o(i.HAL_NVIC_DisableIRQ)
    HAL_NVIC_EnableIRQ                       0x08000ef9   Thumb Code    26  stm32f4xx_hal_cortex.o(i.HAL_NVIC_EnableIRQ)
    HAL_NVIC_SetPriority                     0x08000f15   Thumb Code    60  stm32f4xx_hal_cortex.o(i.HAL_NVIC_SetPriority)
    HAL_NVIC_SetPriorityGrouping             0x08000f55   Thumb Code    26  stm32f4xx_hal_cortex.o(i.HAL_NVIC_SetPriorityGrouping)
    HAL_RCCEx_PeriphCLKConfig                0x08000f79   Thumb Code   310  stm32f4xx_hal_rcc_ex.o(i.HAL_RCCEx_PeriphCLKConfig)
    HAL_RCC_CSSCallback                      0x080010c9   Thumb Code     2  stm32f4xx_hal_rcc.o(i.HAL_RCC_CSSCallback)
    HAL_RCC_ClockConfig                      0x080010cd   Thumb Code   286  stm32f4xx_hal_rcc.o(i.HAL_RCC_ClockConfig)
    HAL_RCC_EnableCSS                        0x080011fd   Thumb Code     8  stm32f4xx_hal_rcc.o(i.HAL_RCC_EnableCSS)
    HAL_RCC_GetHCLKFreq                      0x08001209   Thumb Code     6  stm32f4xx_hal_rcc.o(i.HAL_RCC_GetHCLKFreq)
    HAL_RCC_GetPCLK1Freq                     0x08001215   Thumb Code    20  stm32f4xx_hal_rcc.o(i.HAL_RCC_GetPCLK1Freq)
    HAL_RCC_GetPCLK2Freq                     0x08001235   Thumb Code    20  stm32f4xx_hal_rcc.o(i.HAL_RCC_GetPCLK2Freq)
    HAL_RCC_GetSysClockFreq                  0x08001255   Thumb Code    88  stm32f4xx_hal_rcc.o(i.HAL_RCC_GetSysClockFreq)
    HAL_RCC_NMI_IRQHandler                   0x080012b9   Thumb Code    24  stm32f4xx_hal_rcc.o(i.HAL_RCC_NMI_IRQHandler)
    HAL_RCC_OscConfig                        0x080012d5   Thumb Code   770  stm32f4xx_hal_rcc.o(i.HAL_RCC_OscConfig)
    HAL_SYSTICK_CLKSourceConfig              0x080015f1   Thumb Code    24  stm32f4xx_hal_cortex.o(i.HAL_SYSTICK_CLKSourceConfig)
    HAL_SYSTICK_Callback                     0x08001609   Thumb Code     2  stm32f4xx_hal_cortex.o(i.HAL_SYSTICK_Callback)
    HAL_SYSTICK_Config                       0x0800160b   Thumb Code    40  stm32f4xx_hal_cortex.o(i.HAL_SYSTICK_Config)
    HAL_SYSTICK_IRQHandler                   0x08001633   Thumb Code     8  stm32f4xx_hal_cortex.o(i.HAL_SYSTICK_IRQHandler)
    HAL_UART_ErrorCallback                   0x0800163b   Thumb Code     2  stm32f4xx_hal_uart.o(i.HAL_UART_ErrorCallback)
    HAL_UART_IRQHandler                      0x0800163d   Thumb Code   266  stm32f4xx_hal_uart.o(i.HAL_UART_IRQHandler)
    HAL_UART_Init                            0x0800174d   Thumb Code    98  stm32f4xx_hal_uart.o(i.HAL_UART_Init)
    HAL_UART_MspInit                         0x080017b1   Thumb Code   146  usart.o(i.HAL_UART_MspInit)
    HAL_UART_Receive                         0x0800185d   Thumb Code   184  stm32f4xx_hal_uart.o(i.HAL_UART_Receive)
    HAL_UART_RxCpltCallback                  0x08001915   Thumb Code     2  stm32f4xx_hal_uart.o(i.HAL_UART_RxCpltCallback)
    HAL_UART_Transmit                        0x08001917   Thumb Code   186  stm32f4xx_hal_uart.o(i.HAL_UART_Transmit)
    HAL_UART_TxCpltCallback                  0x080019d1   Thumb Code     2  stm32f4xx_hal_uart.o(i.HAL_UART_TxCpltCallback)
    HardFault_Handler                        0x08001f6d   Thumb Code     2  stm32f4xx_it.o(i.HardFault_Handler)
    MX_GPIO_Init                             0x08001f71   Thumb Code    44  gpio.o(i.MX_GPIO_Init)
    MX_USART1_UART_Init                      0x08001fa1   Thumb Code    52  usart.o(i.MX_USART1_UART_Init)
    MemManage_Handler                        0x08001fed   Thumb Code     2  stm32f4xx_it.o(i.MemManage_Handler)
    NMI_Handler                              0x08001fef   Thumb Code     4  stm32f4xx_it.o(i.NMI_Handler)
    OTG_FS_IRQHandler                        0x08001ff5   Thumb Code     6  stm32f4xx_it.o(i.OTG_FS_IRQHandler)
    PendSV_Handler                           0x08002001   Thumb Code     2  stm32f4xx_it.o(i.PendSV_Handler)
    SVC_Handler                              0x08002003   Thumb Code     2  stm32f4xx_it.o(i.SVC_Handler)
    SysTick_Handler                          0x08002005   Thumb Code    14  stm32f4xx_it.o(i.SysTick_Handler)
    SystemInit                               0x08002125   Thumb Code    66  system_stm32f4xx.o(i.SystemInit)
    USART1_IRQHandler                        0x080025b1   Thumb Code   104  stm32f4xx_it.o(i.USART1_IRQHandler)
    USBH_AllocPipe                           0x08002621   Thumb Code    52  usbh_pipes.o(i.USBH_AllocPipe)
    USBH_BulkReceiveData                     0x08002655   Thumb Code    32  usbh_ioreq.o(i.USBH_BulkReceiveData)
    USBH_BulkSendData                        0x08002675   Thumb Code    40  usbh_ioreq.o(i.USBH_BulkSendData)
    USBH_ClosePipe                           0x0800269d   Thumb Code    10  usbh_pipes.o(i.USBH_ClosePipe)
    USBH_ClrFeature                          0x080026a7   Thumb Code    30  usbh_ctlreq.o(i.USBH_ClrFeature)
    USBH_CtlReceiveData                      0x080026c5   Thumb Code    30  usbh_ioreq.o(i.USBH_CtlReceiveData)
    USBH_CtlReq                              0x080026e3   Thumb Code    58  usbh_ctlreq.o(i.USBH_CtlReq)
    USBH_CtlSendData                         0x0800271d   Thumb Code    40  usbh_ioreq.o(i.USBH_CtlSendData)
    USBH_CtlSendSetup                        0x08002745   Thumb Code    30  usbh_ioreq.o(i.USBH_CtlSendSetup)
    USBH_Delay                               0x08002763   Thumb Code     4  usbh_conf.o(i.USBH_Delay)
    USBH_FindInterface                       0x08002769   Thumb Code    68  usbh_core.o(i.USBH_FindInterface)
    USBH_FreePipe                            0x080027ad   Thumb Code    24  usbh_pipes.o(i.USBH_FreePipe)
    USBH_GetDescriptor                       0x080027c5   Thumb Code    52  usbh_ctlreq.o(i.USBH_GetDescriptor)
    USBH_GetNextDesc                         0x080027f9   Thumb Code    14  usbh_ctlreq.o(i.USBH_GetNextDesc)
    USBH_Get_CfgDesc                         0x08002807   Thumb Code    44  usbh_ctlreq.o(i.USBH_Get_CfgDesc)
    USBH_Get_DevDesc                         0x08002833   Thumb Code   126  usbh_ctlreq.o(i.USBH_Get_DevDesc)
    USBH_Get_StringDesc                      0x080028b1   Thumb Code    72  usbh_ctlreq.o(i.USBH_Get_StringDesc)
    USBH_Init                                0x08002cbd   Thumb Code    66  usbh_core.o(i.USBH_Init)
    USBH_LL_ClosePipe                        0x08002d21   Thumb Code    14  usbh_conf.o(i.USBH_LL_ClosePipe)
    USBH_LL_Connect                          0x08002d2f   Thumb Code    42  usbh_core.o(i.USBH_LL_Connect)
    USBH_LL_Disconnect                       0x08002d59   Thumb Code    68  usbh_core.o(i.USBH_LL_Disconnect)
    USBH_LL_DriverVBUS                       0x08002db9   Thumb Code     4  usbh_conf.o(i.USBH_LL_DriverVBUS)
    USBH_LL_GetLastXferSize                  0x08002dbd   Thumb Code     8  usbh_conf.o(i.USBH_LL_GetLastXferSize)
    USBH_LL_GetSpeed                         0x08002dc5   Thumb Code    34  usbh_conf.o(i.USBH_LL_GetSpeed)
    USBH_LL_GetToggle                        0x08002de9   Thumb Code    28  usbh_conf.o(i.USBH_LL_GetToggle)
    USBH_LL_GetURBState                      0x08002e09   Thumb Code     8  usbh_conf.o(i.USBH_LL_GetURBState)
    USBH_LL_IncTimer                         0x08002e11   Thumb Code    30  usbh_core.o(i.USBH_LL_IncTimer)
    USBH_LL_Init                             0x08002e31   Thumb Code    66  usbh_conf.o(i.USBH_LL_Init)
    USBH_LL_OpenPipe                         0x08002e79   Thumb Code    24  usbh_conf.o(i.USBH_LL_OpenPipe)
    USBH_LL_PortDisabled                     0x08002e91   Thumb Code     8  usbh_core.o(i.USBH_LL_PortDisabled)
    USBH_LL_PortEnabled                      0x08002e99   Thumb Code     8  usbh_core.o(i.USBH_LL_PortEnabled)
    USBH_LL_ResetPort                        0x08002ea1   Thumb Code    14  usbh_conf.o(i.USBH_LL_ResetPort)
    USBH_LL_SetTimer                         0x08002eaf   Thumb Code     6  usbh_core.o(i.USBH_LL_SetTimer)
    USBH_LL_SetToggle                        0x08002eb5   Thumb Code    30  usbh_conf.o(i.USBH_LL_SetToggle)
    USBH_LL_Start                            0x08002ed9   Thumb Code    14  usbh_conf.o(i.USBH_LL_Start)
    USBH_LL_Stop                             0x08002ee7   Thumb Code    14  usbh_conf.o(i.USBH_LL_Stop)
    USBH_LL_SubmitURB                        0x08002ef5   Thumb Code    32  usbh_conf.o(i.USBH_LL_SubmitURB)
    USBH_MSC_BOT_Init                        0x08002f35   Thumb Code    26  usbh_msc_bot.o(i.USBH_MSC_BOT_Init)
    USBH_MSC_BOT_Process                     0x08002f59   Thumb Code   470  usbh_msc_bot.o(i.USBH_MSC_BOT_Process)
    USBH_MSC_BOT_REQ_GetMaxLUN               0x08003135   Thumb Code    22  usbh_msc_bot.o(i.USBH_MSC_BOT_REQ_GetMaxLUN)
    USBH_MSC_BOT_REQ_Reset                   0x0800314b   Thumb Code    22  usbh_msc_bot.o(i.USBH_MSC_BOT_REQ_Reset)
    USBH_MSC_GetLUNInfo                      0x0800320d   Thumb Code    46  usbh_msc.o(i.USBH_MSC_GetLUNInfo)
    USBH_MSC_Read                            0x08003a05   Thumb Code   138  usbh_msc.o(i.USBH_MSC_Read)
    USBH_MSC_SCSI_Inquiry                    0x08003a8f   Thumb Code   212  usbh_msc_scsi.o(i.USBH_MSC_SCSI_Inquiry)
    USBH_MSC_SCSI_Read                       0x08003b63   Thumb Code   128  usbh_msc_scsi.o(i.USBH_MSC_SCSI_Read)
    USBH_MSC_SCSI_ReadCapacity               0x08003be3   Thumb Code   122  usbh_msc_scsi.o(i.USBH_MSC_SCSI_ReadCapacity)
    USBH_MSC_SCSI_RequestSense               0x08003c5d   Thumb Code   146  usbh_msc_scsi.o(i.USBH_MSC_SCSI_RequestSense)
    USBH_MSC_SCSI_TestUnitReady              0x08003cef   Thumb Code    76  usbh_msc_scsi.o(i.USBH_MSC_SCSI_TestUnitReady)
    USBH_MSC_SCSI_Write                      0x08003d3b   Thumb Code   128  usbh_msc_scsi.o(i.USBH_MSC_SCSI_Write)
    USBH_MSC_UnitIsReady                     0x08003dbf   Thumb Code    38  usbh_msc.o(i.USBH_MSC_UnitIsReady)
    USBH_MSC_Write                           0x08003de5   Thumb Code   138  usbh_msc.o(i.USBH_MSC_Write)
    USBH_OpenPipe                            0x08003e6f   Thumb Code    20  usbh_pipes.o(i.USBH_OpenPipe)
    USBH_Process                             0x08003f61   Thumb Code   538  usbh_core.o(i.USBH_Process)
    USBH_RegisterClass                       0x080042a9   Thumb Code    58  usbh_core.o(i.USBH_RegisterClass)
    USBH_SelectInterface                     0x08004325   Thumb Code   120  usbh_core.o(i.USBH_SelectInterface)
    USBH_SetAddress                          0x08004419   Thumb Code    28  usbh_ctlreq.o(i.USBH_SetAddress)
    USBH_SetCfg                              0x08004435   Thumb Code    28  usbh_ctlreq.o(i.USBH_SetCfg)
    USBH_SetFeature                          0x08004451   Thumb Code    28  usbh_ctlreq.o(i.USBH_SetFeature)
    USBH_Start                               0x0800446d   Thumb Code    20  usbh_core.o(i.USBH_Start)
    USBH_initialize                          0x08004585   Thumb Code     4  usbh_diskio_dma.o(i.USBH_initialize)
    USBH_ioctl                               0x08004589   Thumb Code    96  usbh_diskio_dma.o(i.USBH_ioctl)
    USBH_read                                0x080045ed   Thumb Code   142  usbh_diskio_dma.o(i.USBH_read)
    USBH_status                              0x080046a9   Thumb Code    20  usbh_diskio_dma.o(i.USBH_status)
    USBH_write                               0x080046c1   Thumb Code   170  usbh_diskio_dma.o(i.USBH_write)
    USB_CoreInit                             0x080047b9   Thumb Code   112  stm32f4xx_ll_usb.o(i.USB_CoreInit)
    USB_DisableGlobalInt                     0x08004865   Thumb Code    12  stm32f4xx_ll_usb.o(i.USB_DisableGlobalInt)
    USB_DoPing                               0x08004871   Thumb Code    30  stm32f4xx_ll_usb.o(i.USB_DoPing)
    USB_DriveVbus                            0x08004895   Thumb Code    44  stm32f4xx_ll_usb.o(i.USB_DriveVbus)
    USB_EnableGlobalInt                      0x080048c1   Thumb Code    12  stm32f4xx_ll_usb.o(i.USB_EnableGlobalInt)
    USB_FlushRxFifo                          0x080048cd   Thumb Code    28  stm32f4xx_ll_usb.o(i.USB_FlushRxFifo)
    USB_FlushTxFifo                          0x080048ed   Thumb Code    32  stm32f4xx_ll_usb.o(i.USB_FlushTxFifo)
    USB_GetCurrentFrame                      0x08004911   Thumb Code     8  stm32f4xx_ll_usb.o(i.USB_GetCurrentFrame)
    USB_GetHostSpeed                         0x08004919   Thumb Code    14  stm32f4xx_ll_usb.o(i.USB_GetHostSpeed)
    USB_GetMode                              0x08004927   Thumb Code     8  stm32f4xx_ll_usb.o(i.USB_GetMode)
    USB_HC_Halt                              0x0800492f   Thumb Code   194  stm32f4xx_ll_usb.o(i.USB_HC_Halt)
    USB_HC_Init                              0x080049f1   Thumb Code   240  stm32f4xx_ll_usb.o(i.USB_HC_Init)
    USB_HC_ReadInterrupt                     0x08004ae1   Thumb Code     8  stm32f4xx_ll_usb.o(i.USB_HC_ReadInterrupt)
    USB_HC_StartXfer                         0x08004ae9   Thumb Code   330  stm32f4xx_ll_usb.o(i.USB_HC_StartXfer)
    USB_HostInit                             0x08004c39   Thumb Code   194  stm32f4xx_ll_usb.o(i.USB_HostInit)
    USB_InitFSLSPClkSel                      0x08004d11   Thumb Code    54  stm32f4xx_ll_usb.o(i.USB_InitFSLSPClkSel)
    USB_ReadInterrupts                       0x08004d47   Thumb Code     8  stm32f4xx_ll_usb.o(i.USB_ReadInterrupts)
    USB_ReadPacket                           0x08004d4f   Thumb Code    28  stm32f4xx_ll_usb.o(i.USB_ReadPacket)
    USB_ResetPort                            0x08004d6b   Thumb Code    50  stm32f4xx_ll_usb.o(i.USB_ResetPort)
    USB_SetCurrentMode                       0x08004d9d   Thumb Code    46  stm32f4xx_ll_usb.o(i.USB_SetCurrentMode)
    USB_StopHost                             0x08004dcd   Thumb Code   126  stm32f4xx_ll_usb.o(i.USB_StopHost)
    USB_WritePacket                          0x08004e4b   Thumb Code    36  stm32f4xx_ll_usb.o(i.USB_WritePacket)
    UsageFault_Handler                       0x08004e6f   Thumb Code     2  stm32f4xx_it.o(i.UsageFault_Handler)
    _Error_Handler                           0x08004e71   Thumb Code     2  main.o(i._Error_Handler)
    __0printf$8                              0x08004e75   Thumb Code    22  printf8.o(i.__0printf$8)
    __1printf$8                              0x08004e75   Thumb Code     0  printf8.o(i.__0printf$8)
    __2printf                                0x08004e75   Thumb Code     0  printf8.o(i.__0printf$8)
    __0snprintf$8                            0x08004e95   Thumb Code    44  printf8.o(i.__0snprintf$8)
    __1snprintf$8                            0x08004e95   Thumb Code     0  printf8.o(i.__0snprintf$8)
    __2snprintf                              0x08004e95   Thumb Code     0  printf8.o(i.__0snprintf$8)
    __aeabi_errno_addr                       0x08004ee5   Thumb Code     4  errno.o(i.__aeabi_errno_addr)
    __rt_errno_addr                          0x08004ee5   Thumb Code     0  errno.o(i.__aeabi_errno_addr)
    __scatterload_copy                       0x08004eed   Thumb Code    14  handlers.o(i.__scatterload_copy)
    __scatterload_null                       0x08004efb   Thumb Code     2  handlers.o(i.__scatterload_null)
    __scatterload_zeroinit                   0x08004efd   Thumb Code    14  handlers.o(i.__scatterload_zeroinit)
    bootCheckAppVersion                      0x08005385   Thumb Code   150  boot.o(i.bootCheckAppVersion)
    bootOta                                  0x080054dd   Thumb Code   278  boot.o(i.bootOta)
    dbGetAppVersion                          0x08005a9d   Thumb Code    30  db.o(i.dbGetAppVersion)
    dbLoad                                   0x08005ac1   Thumb Code    18  db.o(i.dbLoad)
    dbSave                                   0x08005ad3   Thumb Code    18  db.o(i.dbSave)
    dbSetAppValid                            0x08005ae5   Thumb Code    20  db.o(i.dbSetAppValid)
    disk_initialize                          0x08005f5d   Thumb Code    36  diskio.o(i.disk_initialize)
    disk_ioctl                               0x08005f85   Thumb Code    24  diskio.o(i.disk_ioctl)
    disk_read                                0x08005fa1   Thumb Code    24  diskio.o(i.disk_read)
    disk_status                              0x08005fbd   Thumb Code    18  diskio.o(i.disk_status)
    disk_write                               0x08005fd5   Thumb Code    24  diskio.o(i.disk_write)
    f_close                                  0x08005ff1   Thumb Code    40  ff.o(i.f_close)
    f_mount                                  0x08006019   Thumb Code    84  ff.o(i.f_mount)
    f_open                                   0x08006071   Thumb Code   574  ff.o(i.f_open)
    f_read                                   0x080062b5   Thumb Code   338  ff.o(i.f_read)
    f_readline                               0x08006407   Thumb Code    76  boot.o(i.f_readline)
    f_sync                                   0x08006453   Thumb Code   142  ff.o(i.f_sync)
    ff_convert                               0x080064e1   Thumb Code    52  unicode.o(i.ff_convert)
    ff_memalloc                              0x08006519   Thumb Code     4  syscall.o(i.ff_memalloc)
    ff_memfree                               0x0800651d   Thumb Code     4  syscall.o(i.ff_memfree)
    ff_wtoupper                              0x08006521   Thumb Code   120  unicode.o(i.ff_wtoupper)
    fputc                                    0x08006869   Thumb Code    24  retarget.o(i.fputc)
    free                                     0x08006885   Thumb Code    76  malloc.o(i.free)
    get_fattime                              0x08006a13   Thumb Code     4  diskio.o(i.get_fattime)
    lcdDisplay                               0x08006ad5   Thumb Code    76  lcd.o(i.lcdDisplay)
    lcdDisplayCenter                         0x08006b2d   Thumb Code   126  lcd.o(i.lcdDisplayCenter)
    lcdInit                                  0x08006bcd   Thumb Code   150  lcd.o(i.lcdInit)
    lcdSetBkled                              0x08006cf9   Thumb Code    14  lcd.o(i.lcdSetBkled)
    lcdWriteCommand                          0x08006dc1   Thumb Code    86  lcd.o(i.lcdWriteCommand)
    lcdWriteData                             0x08006e17   Thumb Code    94  lcd.o(i.lcdWriteData)
    ledAlarm                                 0x08006ebd   Thumb Code    16  main.o(i.ledAlarm)
    ledStatus                                0x08006ed1   Thumb Code    16  main.o(i.ledStatus)
    main                                     0x08006f21   Thumb Code   308  main.o(i.main)
    malloc                                   0x08007191   Thumb Code    92  malloc.o(i.malloc)
    parseKeyValue                            0x08007251   Thumb Code    88  boot.o(i.parseKeyValue)
    AHBPrescTable                            0x08007a2e   Data          16  system_stm32f4xx.o(.constdata)
    APBPrescTable                            0x08007a3e   Data           8  system_stm32f4xx.o(.constdata)
    USBH_Driver                              0x08007a48   Data          20  usbh_diskio_dma.o(.constdata)
    __ctype_table                            0x08007a5c   Data         129  ctype_o.o(.constdata)
    Region$$Table$$Base                      0x08007ae8   Number         0  anon$$obj.o(Region$$Table)
    Region$$Table$$Limit                     0x08007b08   Number         0  anon$$obj.o(Region$$Table)
    uwTickFreq                               0x20000000   Data           1  stm32f4xx_hal.o(.data)
    uwTickPrio                               0x20000004   Data           4  stm32f4xx_hal.o(.data)
    uwTick                                   0x20000008   Data           4  stm32f4xx_hal.o(.data)
    USBH_msc                                 0x20000010   Data          32  usbh_msc.o(.data)
    SystemCoreClock                          0x2000003c   Data           4  system_stm32f4xx.o(.data)
    Appli_state                              0x20000040   Data           1  main.o(.data)
    USBDISKPath                              0x20000041   Data           4  main.o(.data)
    __stdout                                 0x200000d0   Data           4  stdout.o(.data)
    __microlib_freelist                      0x200000d4   Data           4  mvars.o(.data)
    __microlib_freelist_initialised          0x200000d8   Data           4  mvars.o(.data)
    pFlash                                   0x200000e0   Data          32  stm32f4xx_hal_flash.o(.bss)
    disk                                     0x20000100   Data          16  ff_gen_drv.o(.bss)
    uart_cache                               0x20000130   Data         132  usart.o(.bss)
    huart1                                   0x200001b4   Data          64  usart.o(.bss)
    huart2                                   0x200001f4   Data          64  usart.o(.bss)
    huart6                                   0x20000234   Data          64  usart.o(.bss)
    hUSB_Host                                0x200004a8   Data         716  main.o(.bss)
    hhcd                                     0x20000774   Data         708  usbh_conf.o(.bss)
    __heap_base                              0x20001030   Data           0  startup_stm32f401xc.o(HEAP)
    __heap_limit                             0x20003030   Data           0  startup_stm32f401xc.o(HEAP)
    __initial_sp                             0x20003830   Data           0  startup_stm32f401xc.o(STACK)



==============================================================================

Memory Map of the image

  Image Entry point : 0x08000195

  Load Region LR_IROM1 (Base: 0x08000000, Size: 0x00007be8, Max: 0x00008000, ABSOLUTE)

    Execution Region ER_IROM1 (Exec base: 0x08000000, Load base: 0x08000000, Size: 0x00007b08, Max: 0x00008000, ABSOLUTE)

    Exec Addr    Load Addr    Size         Type   Attr      Idx    E Section Name        Object

    0x08000000   0x08000000   0x00000194   Data   RO            3    RESET               startup_stm32f401xc.o
    0x08000194   0x08000194   0x00000000   Code   RO         3758  * .ARM.Collect$$$$00000000  mc_w.l(entry.o)
    0x08000194   0x08000194   0x00000004   Code   RO         4066    .ARM.Collect$$$$00000001  mc_w.l(entry2.o)
    0x08000198   0x08000198   0x00000004   Code   RO         4069    .ARM.Collect$$$$00000004  mc_w.l(entry5.o)
    0x0800019c   0x0800019c   0x00000000   Code   RO         4071    .ARM.Collect$$$$00000008  mc_w.l(entry7b.o)
    0x0800019c   0x0800019c   0x00000000   Code   RO         4073    .ARM.Collect$$$$0000000A  mc_w.l(entry8b.o)
    0x0800019c   0x0800019c   0x00000008   Code   RO         4074    .ARM.Collect$$$$0000000B  mc_w.l(entry9a.o)
    0x080001a4   0x080001a4   0x00000000   Code   RO         4076    .ARM.Collect$$$$0000000D  mc_w.l(entry10a.o)
    0x080001a4   0x080001a4   0x00000000   Code   RO         4078    .ARM.Collect$$$$0000000F  mc_w.l(entry11a.o)
    0x080001a4   0x080001a4   0x00000004   Code   RO         4067    .ARM.Collect$$$$00002712  mc_w.l(entry2.o)
    0x080001a8   0x080001a8   0x00000024   Code   RO            4    .text               startup_stm32f401xc.o
    0x080001cc   0x080001cc   0x00000062   Code   RO         3761    .text               mc_w.l(uldiv.o)
    0x0800022e   0x0800022e   0x00000024   Code   RO         3763    .text               mc_w.l(memcpya.o)
    0x08000252   0x08000252   0x00000024   Code   RO         3765    .text               mc_w.l(memseta.o)
    0x08000276   0x08000276   0x0000000e   Code   RO         3767    .text               mc_w.l(strlen.o)
    0x08000284   0x08000284   0x0000001c   Code   RO         3769    .text               mc_w.l(strcmp.o)
    0x080002a0   0x080002a0   0x0000001a   Code   RO         3771    .text               mc_w.l(memcmp.o)
    0x080002ba   0x080002ba   0x00000070   Code   RO         4064    .text               mc_w.l(strtol.o)
    0x0800032a   0x0800032a   0x0000001e   Code   RO         4083    .text               mc_w.l(llshl.o)
    0x08000348   0x08000348   0x00000020   Code   RO         4085    .text               mc_w.l(llushr.o)
    0x08000368   0x08000368   0x00000008   Code   RO         4087    .text               mc_w.l(ctype_o.o)
    0x08000370   0x08000370   0x0000009e   Code   RO         4124    .text               mc_w.l(_strtoul.o)
    0x0800040e   0x0800040e   0x00000002   PAD
    0x08000410   0x08000410   0x00000024   Code   RO         4137    .text               mc_w.l(init.o)
    0x08000434   0x08000434   0x0000001c   Code   RO         4141    .text               mc_w.l(_chval.o)
    0x08000450   0x08000450   0x00000002   Code   RO         3148    i.BusFault_Handler  stm32f4xx_it.o
    0x08000452   0x08000452   0x00000002   PAD
    0x08000454   0x08000454   0x00000046   Code   RO         1854    i.DeInitStateMachine  usbh_core.o
    0x0800049a   0x0800049a   0x00000002   Code   RO         3149    i.DebugMon_Handler  stm32f4xx_it.o
    0x0800049c   0x0800049c   0x00000006   Code   RO         2449    i.FATFS_LinkDriver  ff_gen_drv.o
    0x080004a2   0x080004a2   0x00000002   PAD
    0x080004a4   0x080004a4   0x00000040   Code   RO         2450    i.FATFS_LinkDriverEx  ff_gen_drv.o
    0x080004e4   0x080004e4   0x00000006   Code   RO         2451    i.FATFS_UnLinkDriver  ff_gen_drv.o
    0x080004ea   0x080004ea   0x00000002   PAD
    0x080004ec   0x080004ec   0x00000034   Code   RO         2452    i.FATFS_UnLinkDriverEx  ff_gen_drv.o
    0x08000520   0x08000520   0x00000050   Code   RO          665    i.FLASH_Erase_Sector  stm32f4xx_hal_flash_ex.o
    0x08000570   0x08000570   0x00000054   Code   RO          666    i.FLASH_FlushCaches  stm32f4xx_hal_flash_ex.o
    0x080005c4   0x080005c4   0x00000028   Code   RO          667    i.FLASH_MassErase   stm32f4xx_hal_flash_ex.o
    0x080005ec   0x080005ec   0x00000020   Code   RO          427    i.FLASH_Program_Byte  stm32f4xx_hal_flash.o
    0x0800060c   0x0800060c   0x00000028   Code   RO          428    i.FLASH_Program_DoubleWord  stm32f4xx_hal_flash.o
    0x08000634   0x08000634   0x00000024   Code   RO          429    i.FLASH_Program_HalfWord  stm32f4xx_hal_flash.o
    0x08000658   0x08000658   0x00000024   Code   RO          430    i.FLASH_Program_Word  stm32f4xx_hal_flash.o
    0x0800067c   0x0800067c   0x0000007c   Code   RO          431    i.FLASH_SetErrorCode  stm32f4xx_hal_flash.o
    0x080006f8   0x080006f8   0x00000050   Code   RO          432    i.FLASH_WaitForLastOperation  stm32f4xx_hal_flash.o
    0x08000748   0x08000748   0x00000024   Code   RO         1235    i.HAL_DMA_Abort_IT  stm32f4xx_hal_dma.o
    0x0800076c   0x0800076c   0x00000024   Code   RO          247    i.HAL_Delay         stm32f4xx_hal.o
    0x08000790   0x08000790   0x00000098   Code   RO          670    i.HAL_FLASHEx_Erase  stm32f4xx_hal_flash_ex.o
    0x08000828   0x08000828   0x00000014   Code   RO          436    i.HAL_FLASH_Lock    stm32f4xx_hal_flash.o
    0x0800083c   0x0800083c   0x0000007c   Code   RO          441    i.HAL_FLASH_Program  stm32f4xx_hal_flash.o
    0x080008b8   0x080008b8   0x0000002c   Code   RO          443    i.HAL_FLASH_Unlock  stm32f4xx_hal_flash.o
    0x080008e4   0x080008e4   0x00000188   Code   RO          548    i.HAL_GPIO_Init     stm32f4xx_hal_gpio.o
    0x08000a6c   0x08000a6c   0x0000000a   Code   RO          550    i.HAL_GPIO_ReadPin  stm32f4xx_hal_gpio.o
    0x08000a76   0x08000a76   0x0000000a   Code   RO          552    i.HAL_GPIO_WritePin  stm32f4xx_hal_gpio.o
    0x08000a80   0x08000a80   0x0000000c   Code   RO          253    i.HAL_GetTick       stm32f4xx_hal.o
    0x08000a8c   0x08000a8c   0x00000008   Code   RO         3375    i.HAL_HCD_Connect_Callback  usbh_conf.o
    0x08000a94   0x08000a94   0x00000008   Code   RO         3376    i.HAL_HCD_Disconnect_Callback  usbh_conf.o
    0x08000a9c   0x08000a9c   0x00000006   Code   RO         1681    i.HAL_HCD_GetCurrentFrame  stm32f4xx_hal_hcd.o
    0x08000aa2   0x08000aa2   0x00000006   Code   RO         1682    i.HAL_HCD_GetCurrentSpeed  stm32f4xx_hal_hcd.o
    0x08000aa8   0x08000aa8   0x0000000e   Code   RO         1685    i.HAL_HCD_HC_GetURBState  stm32f4xx_hal_hcd.o
    0x08000ab6   0x08000ab6   0x0000000c   Code   RO         1686    i.HAL_HCD_HC_GetXferCount  stm32f4xx_hal_hcd.o
    0x08000ac2   0x08000ac2   0x00000024   Code   RO         1687    i.HAL_HCD_HC_Halt   stm32f4xx_hal_hcd.o
    0x08000ae6   0x08000ae6   0x00000072   Code   RO         1688    i.HAL_HCD_HC_Init   stm32f4xx_hal_hcd.o
    0x08000b58   0x08000b58   0x00000002   Code   RO         3377    i.HAL_HCD_HC_NotifyURBChange_Callback  usbh_conf.o
    0x08000b5a   0x08000b5a   0x0000008e   Code   RO         1690    i.HAL_HCD_HC_SubmitRequest  stm32f4xx_hal_hcd.o
    0x08000be8   0x08000be8   0x00000132   Code   RO         1691    i.HAL_HCD_IRQHandler  stm32f4xx_hal_hcd.o
    0x08000d1a   0x08000d1a   0x00000068   Code   RO         1692    i.HAL_HCD_Init      stm32f4xx_hal_hcd.o
    0x08000d82   0x08000d82   0x00000002   PAD
    0x08000d84   0x08000d84   0x0000005c   Code   RO         3379    i.HAL_HCD_MspInit   usbh_conf.o
    0x08000de0   0x08000de0   0x00000008   Code   RO         3380    i.HAL_HCD_PortDisabled_Callback  usbh_conf.o
    0x08000de8   0x08000de8   0x00000008   Code   RO         3381    i.HAL_HCD_PortEnabled_Callback  usbh_conf.o
    0x08000df0   0x08000df0   0x00000006   Code   RO         1697    i.HAL_HCD_ResetPort  stm32f4xx_hal_hcd.o
    0x08000df6   0x08000df6   0x00000008   Code   RO         3382    i.HAL_HCD_SOF_Callback  usbh_conf.o
    0x08000dfe   0x08000dfe   0x0000002c   Code   RO         1699    i.HAL_HCD_Start     stm32f4xx_hal_hcd.o
    0x08000e2a   0x08000e2a   0x00000024   Code   RO         1700    i.HAL_HCD_Stop      stm32f4xx_hal_hcd.o
    0x08000e4e   0x08000e4e   0x00000002   PAD
    0x08000e50   0x08000e50   0x00000010   Code   RO          259    i.HAL_IncTick       stm32f4xx_hal.o
    0x08000e60   0x08000e60   0x00000034   Code   RO          260    i.HAL_Init          stm32f4xx_hal.o
    0x08000e94   0x08000e94   0x00000040   Code   RO          261    i.HAL_InitTick      stm32f4xx_hal.o
    0x08000ed4   0x08000ed4   0x00000002   Code   RO          263    i.HAL_MspInit       stm32f4xx_hal.o
    0x08000ed6   0x08000ed6   0x00000022   Code   RO           17    i.HAL_NVIC_DisableIRQ  stm32f4xx_hal_cortex.o
    0x08000ef8   0x08000ef8   0x0000001a   Code   RO           18    i.HAL_NVIC_EnableIRQ  stm32f4xx_hal_cortex.o
    0x08000f12   0x08000f12   0x00000002   PAD
    0x08000f14   0x08000f14   0x00000040   Code   RO           24    i.HAL_NVIC_SetPriority  stm32f4xx_hal_cortex.o
    0x08000f54   0x08000f54   0x00000024   Code   RO           25    i.HAL_NVIC_SetPriorityGrouping  stm32f4xx_hal_cortex.o
    0x08000f78   0x08000f78   0x00000150   Code   RO          855    i.HAL_RCCEx_PeriphCLKConfig  stm32f4xx_hal_rcc_ex.o
    0x080010c8   0x080010c8   0x00000002   Code   RO          749    i.HAL_RCC_CSSCallback  stm32f4xx_hal_rcc.o
    0x080010ca   0x080010ca   0x00000002   PAD
    0x080010cc   0x080010cc   0x00000130   Code   RO          750    i.HAL_RCC_ClockConfig  stm32f4xx_hal_rcc.o
    0x080011fc   0x080011fc   0x0000000c   Code   RO          753    i.HAL_RCC_EnableCSS  stm32f4xx_hal_rcc.o
    0x08001208   0x08001208   0x0000000c   Code   RO          755    i.HAL_RCC_GetHCLKFreq  stm32f4xx_hal_rcc.o
    0x08001214   0x08001214   0x00000020   Code   RO          757    i.HAL_RCC_GetPCLK1Freq  stm32f4xx_hal_rcc.o
    0x08001234   0x08001234   0x00000020   Code   RO          758    i.HAL_RCC_GetPCLK2Freq  stm32f4xx_hal_rcc.o
    0x08001254   0x08001254   0x00000064   Code   RO          759    i.HAL_RCC_GetSysClockFreq  stm32f4xx_hal_rcc.o
    0x080012b8   0x080012b8   0x0000001c   Code   RO          761    i.HAL_RCC_NMI_IRQHandler  stm32f4xx_hal_rcc.o
    0x080012d4   0x080012d4   0x0000031c   Code   RO          762    i.HAL_RCC_OscConfig  stm32f4xx_hal_rcc.o
    0x080015f0   0x080015f0   0x00000018   Code   RO           27    i.HAL_SYSTICK_CLKSourceConfig  stm32f4xx_hal_cortex.o
    0x08001608   0x08001608   0x00000002   Code   RO           28    i.HAL_SYSTICK_Callback  stm32f4xx_hal_cortex.o
    0x0800160a   0x0800160a   0x00000028   Code   RO           29    i.HAL_SYSTICK_Config  stm32f4xx_hal_cortex.o
    0x08001632   0x08001632   0x00000008   Code   RO           30    i.HAL_SYSTICK_IRQHandler  stm32f4xx_hal_cortex.o
    0x0800163a   0x0800163a   0x00000002   Code   RO          926    i.HAL_UART_ErrorCallback  stm32f4xx_hal_uart.o
    0x0800163c   0x0800163c   0x00000110   Code   RO          929    i.HAL_UART_IRQHandler  stm32f4xx_hal_uart.o
    0x0800174c   0x0800174c   0x00000062   Code   RO          930    i.HAL_UART_Init     stm32f4xx_hal_uart.o
    0x080017ae   0x080017ae   0x00000002   PAD
    0x080017b0   0x080017b0   0x000000ac   Code   RO         2906    i.HAL_UART_MspInit  usart.o
    0x0800185c   0x0800185c   0x000000b8   Code   RO          933    i.HAL_UART_Receive  stm32f4xx_hal_uart.o
    0x08001914   0x08001914   0x00000002   Code   RO          936    i.HAL_UART_RxCpltCallback  stm32f4xx_hal_uart.o
    0x08001916   0x08001916   0x000000ba   Code   RO          938    i.HAL_UART_Transmit  stm32f4xx_hal_uart.o
    0x080019d0   0x080019d0   0x00000002   Code   RO          941    i.HAL_UART_TxCpltCallback  stm32f4xx_hal_uart.o
    0x080019d2   0x080019d2   0x0000022c   Code   RO         1701    i.HCD_HC_IN_IRQHandler  stm32f4xx_hal_hcd.o
    0x08001bfe   0x08001bfe   0x00000244   Code   RO         1702    i.HCD_HC_OUT_IRQHandler  stm32f4xx_hal_hcd.o
    0x08001e42   0x08001e42   0x000000b8   Code   RO         1703    i.HCD_Port_IRQHandler  stm32f4xx_hal_hcd.o
    0x08001efa   0x08001efa   0x00000002   PAD
    0x08001efc   0x08001efc   0x00000070   Code   RO         1704    i.HCD_RXQLVL_IRQHandler  stm32f4xx_hal_hcd.o
    0x08001f6c   0x08001f6c   0x00000002   Code   RO         3150    i.HardFault_Handler  stm32f4xx_it.o
    0x08001f6e   0x08001f6e   0x00000002   PAD
    0x08001f70   0x08001f70   0x00000030   Code   RO         3124    i.MX_GPIO_Init      gpio.o
    0x08001fa0   0x08001fa0   0x0000004c   Code   RO         2907    i.MX_USART1_UART_Init  usart.o
    0x08001fec   0x08001fec   0x00000002   Code   RO         3151    i.MemManage_Handler  stm32f4xx_it.o
    0x08001fee   0x08001fee   0x00000004   Code   RO         3152    i.NMI_Handler       stm32f4xx_it.o
    0x08001ff2   0x08001ff2   0x00000002   PAD
    0x08001ff4   0x08001ff4   0x0000000c   Code   RO         3153    i.OTG_FS_IRQHandler  stm32f4xx_it.o
    0x08002000   0x08002000   0x00000002   Code   RO         3154    i.PendSV_Handler    stm32f4xx_it.o
    0x08002002   0x08002002   0x00000002   Code   RO         3155    i.SVC_Handler       stm32f4xx_it.o
    0x08002004   0x08002004   0x0000000e   Code   RO         3156    i.SysTick_Handler   stm32f4xx_it.o
    0x08002012   0x08002012   0x00000002   PAD
    0x08002014   0x08002014   0x00000110   Code   RO         3000    i.SystemClock_Config  main.o
    0x08002124   0x08002124   0x00000054   Code   RO         2963    i.SystemInit        system_stm32f4xx.o
    0x08002178   0x08002178   0x00000010   Code   RO          943    i.UART_DMAAbortOnError  stm32f4xx_hal_uart.o
    0x08002188   0x08002188   0x0000001c   Code   RO          953    i.UART_EndRxTransfer  stm32f4xx_hal_uart.o
    0x080021a4   0x080021a4   0x00000096   Code   RO          955    i.UART_Receive_IT   stm32f4xx_hal_uart.o
    0x0800223a   0x0800223a   0x00000002   PAD
    0x0800223c   0x0800223c   0x000002ac   Code   RO          956    i.UART_SetConfig    stm32f4xx_hal_uart.o
    0x080024e8   0x080024e8   0x00000062   Code   RO          957    i.UART_Transmit_IT  stm32f4xx_hal_uart.o
    0x0800254a   0x0800254a   0x00000064   Code   RO          958    i.UART_WaitOnFlagUntilTimeout  stm32f4xx_hal_uart.o
    0x080025ae   0x080025ae   0x00000002   PAD
    0x080025b0   0x080025b0   0x00000070   Code   RO         3157    i.USART1_IRQHandler  stm32f4xx_it.o
    0x08002620   0x08002620   0x00000034   Code   RO         2191    i.USBH_AllocPipe    usbh_pipes.o
    0x08002654   0x08002654   0x00000020   Code   RO         2115    i.USBH_BulkReceiveData  usbh_ioreq.o
    0x08002674   0x08002674   0x00000028   Code   RO         2116    i.USBH_BulkSendData  usbh_ioreq.o
    0x0800269c   0x0800269c   0x0000000a   Code   RO         2192    i.USBH_ClosePipe    usbh_pipes.o
    0x080026a6   0x080026a6   0x0000001e   Code   RO         2017    i.USBH_ClrFeature   usbh_ctlreq.o
    0x080026c4   0x080026c4   0x0000001e   Code   RO         2117    i.USBH_CtlReceiveData  usbh_ioreq.o
    0x080026e2   0x080026e2   0x0000003a   Code   RO         2018    i.USBH_CtlReq       usbh_ctlreq.o
    0x0800271c   0x0800271c   0x00000028   Code   RO         2118    i.USBH_CtlSendData  usbh_ioreq.o
    0x08002744   0x08002744   0x0000001e   Code   RO         2119    i.USBH_CtlSendSetup  usbh_ioreq.o
    0x08002762   0x08002762   0x00000004   Code   RO         3383    i.USBH_Delay        usbh_conf.o
    0x08002766   0x08002766   0x00000002   PAD
    0x08002768   0x08002768   0x00000044   Code   RO         1856    i.USBH_FindInterface  usbh_core.o
    0x080027ac   0x080027ac   0x00000018   Code   RO         2193    i.USBH_FreePipe     usbh_pipes.o
    0x080027c4   0x080027c4   0x00000034   Code   RO         2019    i.USBH_GetDescriptor  usbh_ctlreq.o
    0x080027f8   0x080027f8   0x0000000e   Code   RO         2020    i.USBH_GetNextDesc  usbh_ctlreq.o
    0x08002806   0x08002806   0x0000002c   Code   RO         2021    i.USBH_Get_CfgDesc  usbh_ctlreq.o
    0x08002832   0x08002832   0x0000007e   Code   RO         2022    i.USBH_Get_DevDesc  usbh_ctlreq.o
    0x080028b0   0x080028b0   0x00000048   Code   RO         2023    i.USBH_Get_StringDesc  usbh_ctlreq.o
    0x080028f8   0x080028f8   0x000001b8   Code   RO         2024    i.USBH_HandleControl  usbh_ctlreq.o
    0x08002ab0   0x08002ab0   0x0000020c   Code   RO         1859    i.USBH_HandleEnum   usbh_core.o
    0x08002cbc   0x08002cbc   0x00000064   Code   RO         1860    i.USBH_Init         usbh_core.o
    0x08002d20   0x08002d20   0x0000000e   Code   RO         3384    i.USBH_LL_ClosePipe  usbh_conf.o
    0x08002d2e   0x08002d2e   0x0000002a   Code   RO         1862    i.USBH_LL_Connect   usbh_core.o
    0x08002d58   0x08002d58   0x00000060   Code   RO         1863    i.USBH_LL_Disconnect  usbh_core.o
    0x08002db8   0x08002db8   0x00000004   Code   RO         3386    i.USBH_LL_DriverVBUS  usbh_conf.o
    0x08002dbc   0x08002dbc   0x00000008   Code   RO         3387    i.USBH_LL_GetLastXferSize  usbh_conf.o
    0x08002dc4   0x08002dc4   0x00000022   Code   RO         3388    i.USBH_LL_GetSpeed  usbh_conf.o
    0x08002de6   0x08002de6   0x00000002   PAD
    0x08002de8   0x08002de8   0x00000020   Code   RO         3389    i.USBH_LL_GetToggle  usbh_conf.o
    0x08002e08   0x08002e08   0x00000008   Code   RO         3390    i.USBH_LL_GetURBState  usbh_conf.o
    0x08002e10   0x08002e10   0x0000001e   Code   RO         1864    i.USBH_LL_IncTimer  usbh_core.o
    0x08002e2e   0x08002e2e   0x00000002   PAD
    0x08002e30   0x08002e30   0x00000048   Code   RO         3391    i.USBH_LL_Init      usbh_conf.o
    0x08002e78   0x08002e78   0x00000018   Code   RO         3392    i.USBH_LL_OpenPipe  usbh_conf.o
    0x08002e90   0x08002e90   0x00000008   Code   RO         1865    i.USBH_LL_PortDisabled  usbh_core.o
    0x08002e98   0x08002e98   0x00000008   Code   RO         1866    i.USBH_LL_PortEnabled  usbh_core.o
    0x08002ea0   0x08002ea0   0x0000000e   Code   RO         3393    i.USBH_LL_ResetPort  usbh_conf.o
    0x08002eae   0x08002eae   0x00000006   Code   RO         1867    i.USBH_LL_SetTimer  usbh_core.o
    0x08002eb4   0x08002eb4   0x00000024   Code   RO         3394    i.USBH_LL_SetToggle  usbh_conf.o
    0x08002ed8   0x08002ed8   0x0000000e   Code   RO         3395    i.USBH_LL_Start     usbh_conf.o
    0x08002ee6   0x08002ee6   0x0000000e   Code   RO         3396    i.USBH_LL_Stop      usbh_conf.o
    0x08002ef4   0x08002ef4   0x00000020   Code   RO         3397    i.USBH_LL_SubmitURB  usbh_conf.o
    0x08002f14   0x08002f14   0x0000001e   Code   RO         2338    i.USBH_MSC_BOT_Abort  usbh_msc_bot.o
    0x08002f32   0x08002f32   0x00000002   PAD
    0x08002f34   0x08002f34   0x00000024   Code   RO         2339    i.USBH_MSC_BOT_Init  usbh_msc_bot.o
    0x08002f58   0x08002f58   0x000001dc   Code   RO         2340    i.USBH_MSC_BOT_Process  usbh_msc_bot.o
    0x08003134   0x08003134   0x00000016   Code   RO         2341    i.USBH_MSC_BOT_REQ_GetMaxLUN  usbh_msc_bot.o
    0x0800314a   0x0800314a   0x00000016   Code   RO         2342    i.USBH_MSC_BOT_REQ_Reset  usbh_msc_bot.o
    0x08003160   0x08003160   0x000000ac   Code   RO         2237    i.USBH_MSC_ClassRequest  usbh_msc.o
    0x0800320c   0x0800320c   0x0000002e   Code   RO         2238    i.USBH_MSC_GetLUNInfo  usbh_msc.o
    0x0800323a   0x0800323a   0x0000004a   Code   RO         2240    i.USBH_MSC_InterfaceDeInit  usbh_msc.o
    0x08003284   0x08003284   0x0000014c   Code   RO         2241    i.USBH_MSC_InterfaceInit  usbh_msc.o
    0x080033d0   0x080033d0   0x00000500   Code   RO         2243    i.USBH_MSC_Process  usbh_msc.o
    0x080038d0   0x080038d0   0x00000134   Code   RO         2244    i.USBH_MSC_RdWrProcess  usbh_msc.o
    0x08003a04   0x08003a04   0x0000008a   Code   RO         2245    i.USBH_MSC_Read     usbh_msc.o
    0x08003a8e   0x08003a8e   0x000000d4   Code   RO         2393    i.USBH_MSC_SCSI_Inquiry  usbh_msc_scsi.o
    0x08003b62   0x08003b62   0x00000080   Code   RO         2394    i.USBH_MSC_SCSI_Read  usbh_msc_scsi.o
    0x08003be2   0x08003be2   0x0000007a   Code   RO         2395    i.USBH_MSC_SCSI_ReadCapacity  usbh_msc_scsi.o
    0x08003c5c   0x08003c5c   0x00000092   Code   RO         2396    i.USBH_MSC_SCSI_RequestSense  usbh_msc_scsi.o
    0x08003cee   0x08003cee   0x0000004c   Code   RO         2397    i.USBH_MSC_SCSI_TestUnitReady  usbh_msc_scsi.o
    0x08003d3a   0x08003d3a   0x00000080   Code   RO         2398    i.USBH_MSC_SCSI_Write  usbh_msc_scsi.o
    0x08003dba   0x08003dba   0x00000004   Code   RO         2246    i.USBH_MSC_SOFProcess  usbh_msc.o
    0x08003dbe   0x08003dbe   0x00000026   Code   RO         2247    i.USBH_MSC_UnitIsReady  usbh_msc.o
    0x08003de4   0x08003de4   0x0000008a   Code   RO         2248    i.USBH_MSC_Write    usbh_msc.o
    0x08003e6e   0x08003e6e   0x00000014   Code   RO         2194    i.USBH_OpenPipe     usbh_pipes.o
    0x08003e82   0x08003e82   0x000000dc   Code   RO         2025    i.USBH_ParseCfgDesc  usbh_ctlreq.o
    0x08003f5e   0x08003f5e   0x00000002   PAD
    0x08003f60   0x08003f60   0x00000348   Code   RO         1868    i.USBH_Process      usbh_core.o
    0x080042a8   0x080042a8   0x0000007c   Code   RO         1870    i.USBH_RegisterClass  usbh_core.o
    0x08004324   0x08004324   0x000000f4   Code   RO         1871    i.USBH_SelectInterface  usbh_core.o
    0x08004418   0x08004418   0x0000001c   Code   RO         2026    i.USBH_SetAddress   usbh_ctlreq.o
    0x08004434   0x08004434   0x0000001c   Code   RO         2027    i.USBH_SetCfg       usbh_ctlreq.o
    0x08004450   0x08004450   0x0000001c   Code   RO         2028    i.USBH_SetFeature   usbh_ctlreq.o
    0x0800446c   0x0800446c   0x00000014   Code   RO         1872    i.USBH_Start        usbh_core.o
    0x08004480   0x08004480   0x00000104   Code   RO         3001    i.USBH_UserProcess  main.o
    0x08004584   0x08004584   0x00000004   Code   RO         3538    i.USBH_initialize   usbh_diskio_dma.o
    0x08004588   0x08004588   0x00000064   Code   RO         3539    i.USBH_ioctl        usbh_diskio_dma.o
    0x080045ec   0x080045ec   0x000000bc   Code   RO         3540    i.USBH_read         usbh_diskio_dma.o
    0x080046a8   0x080046a8   0x00000018   Code   RO         3541    i.USBH_status       usbh_diskio_dma.o
    0x080046c0   0x080046c0   0x000000f8   Code   RO         3542    i.USBH_write        usbh_diskio_dma.o
    0x080047b8   0x080047b8   0x00000074   Code   RO         1383    i.USB_CoreInit      stm32f4xx_ll_usb.o
    0x0800482c   0x0800482c   0x00000038   Code   RO         1384    i.USB_CoreReset     stm32f4xx_ll_usb.o
    0x08004864   0x08004864   0x0000000c   Code   RO         1391    i.USB_DisableGlobalInt  stm32f4xx_ll_usb.o
    0x08004870   0x08004870   0x00000024   Code   RO         1392    i.USB_DoPing        stm32f4xx_ll_usb.o
    0x08004894   0x08004894   0x0000002c   Code   RO         1393    i.USB_DriveVbus     stm32f4xx_ll_usb.o
    0x080048c0   0x080048c0   0x0000000c   Code   RO         1399    i.USB_EnableGlobalInt  stm32f4xx_ll_usb.o
    0x080048cc   0x080048cc   0x00000020   Code   RO         1400    i.USB_FlushRxFifo   stm32f4xx_ll_usb.o
    0x080048ec   0x080048ec   0x00000024   Code   RO         1401    i.USB_FlushTxFifo   stm32f4xx_ll_usb.o
    0x08004910   0x08004910   0x00000008   Code   RO         1402    i.USB_GetCurrentFrame  stm32f4xx_ll_usb.o
    0x08004918   0x08004918   0x0000000e   Code   RO         1404    i.USB_GetHostSpeed  stm32f4xx_ll_usb.o
    0x08004926   0x08004926   0x00000008   Code   RO         1405    i.USB_GetMode       stm32f4xx_ll_usb.o
    0x0800492e   0x0800492e   0x000000c2   Code   RO         1406    i.USB_HC_Halt       stm32f4xx_ll_usb.o
    0x080049f0   0x080049f0   0x000000f0   Code   RO         1407    i.USB_HC_Init       stm32f4xx_ll_usb.o
    0x08004ae0   0x08004ae0   0x00000008   Code   RO         1408    i.USB_HC_ReadInterrupt  stm32f4xx_ll_usb.o
    0x08004ae8   0x08004ae8   0x00000150   Code   RO         1409    i.USB_HC_StartXfer  stm32f4xx_ll_usb.o
    0x08004c38   0x08004c38   0x000000d8   Code   RO         1410    i.USB_HostInit      stm32f4xx_ll_usb.o
    0x08004d10   0x08004d10   0x00000036   Code   RO         1411    i.USB_InitFSLSPClkSel  stm32f4xx_ll_usb.o
    0x08004d46   0x08004d46   0x00000008   Code   RO         1416    i.USB_ReadInterrupts  stm32f4xx_ll_usb.o
    0x08004d4e   0x08004d4e   0x0000001c   Code   RO         1417    i.USB_ReadPacket    stm32f4xx_ll_usb.o
    0x08004d6a   0x08004d6a   0x00000032   Code   RO         1418    i.USB_ResetPort     stm32f4xx_ll_usb.o
    0x08004d9c   0x08004d9c   0x0000002e   Code   RO         1419    i.USB_SetCurrentMode  stm32f4xx_ll_usb.o
    0x08004dca   0x08004dca   0x00000002   PAD
    0x08004dcc   0x08004dcc   0x0000007e   Code   RO         1424    i.USB_StopHost      stm32f4xx_ll_usb.o
    0x08004e4a   0x08004e4a   0x00000024   Code   RO         1425    i.USB_WritePacket   stm32f4xx_ll_usb.o
    0x08004e6e   0x08004e6e   0x00000002   Code   RO         3158    i.UsageFault_Handler  stm32f4xx_it.o
    0x08004e70   0x08004e70   0x00000002   Code   RO         3002    i._Error_Handler    main.o
    0x08004e72   0x08004e72   0x00000002   PAD
    0x08004e74   0x08004e74   0x00000020   Code   RO         3982    i.__0printf$8       mc_w.l(printf8.o)
    0x08004e94   0x08004e94   0x00000030   Code   RO         3983    i.__0snprintf$8     mc_w.l(printf8.o)
    0x08004ec4   0x08004ec4   0x00000020   Code   RO           31    i.__NVIC_SetPriority  stm32f4xx_hal_cortex.o
    0x08004ee4   0x08004ee4   0x00000008   Code   RO         4117    i.__aeabi_errno_addr  mc_w.l(errno.o)
    0x08004eec   0x08004eec   0x0000000e   Code   RO         4147    i.__scatterload_copy  mc_w.l(handlers.o)
    0x08004efa   0x08004efa   0x00000002   Code   RO         4148    i.__scatterload_null  mc_w.l(handlers.o)
    0x08004efc   0x08004efc   0x0000000e   Code   RO         4149    i.__scatterload_zeroinit  mc_w.l(handlers.o)
    0x08004f0a   0x08004f0a   0x00000002   PAD
    0x08004f0c   0x08004f0c   0x00000410   Code   RO         3989    i._printf_core      mc_w.l(printf8.o)
    0x0800531c   0x0800531c   0x00000024   Code   RO         3990    i._printf_post_padding  mc_w.l(printf8.o)
    0x08005340   0x08005340   0x0000002e   Code   RO         3991    i._printf_pre_padding  mc_w.l(printf8.o)
    0x0800536e   0x0800536e   0x00000016   Code   RO         3992    i._snputc           mc_w.l(printf8.o)
    0x08005384   0x08005384   0x00000158   Code   RO         3604    i.bootCheckAppVersion  boot.o
    0x080054dc   0x080054dc   0x0000015c   Code   RO         3605    i.bootOta           boot.o
    0x08005638   0x08005638   0x00000070   Code   RO         2505    i.check_fs          ff.o
    0x080056a8   0x080056a8   0x00000010   Code   RO         2506    i.chk_chr           ff.o
    0x080056b8   0x080056b8   0x0000005c   Code   RO         2507    i.chk_lock          ff.o
    0x08005714   0x08005714   0x00000020   Code   RO         2508    i.clear_lock        ff.o
    0x08005734   0x08005734   0x00000024   Code   RO         2509    i.clmt_clust        ff.o
    0x08005758   0x08005758   0x00000018   Code   RO         2510    i.clust2sect        ff.o
    0x08005770   0x08005770   0x00000080   Code   RO         2511    i.cmp_lfn           ff.o
    0x080057f0   0x080057f0   0x000000a4   Code   RO         2512    i.create_chain      ff.o
    0x08005894   0x08005894   0x00000208   Code   RO         2513    i.create_name       ff.o
    0x08005a9c   0x08005a9c   0x00000024   Code   RO         3662    i.dbGetAppVersion   db.o
    0x08005ac0   0x08005ac0   0x00000012   Code   RO         3663    i.dbLoad            db.o
    0x08005ad2   0x08005ad2   0x00000012   Code   RO         3664    i.dbSave            db.o
    0x08005ae4   0x08005ae4   0x00000018   Code   RO         3665    i.dbSetAppValid     db.o
    0x08005afc   0x08005afc   0x00000034   Code   RO         2514    i.dec_lock          ff.o
    0x08005b30   0x08005b30   0x000000d0   Code   RO         2515    i.dir_find          ff.o
    0x08005c00   0x08005c00   0x000000f4   Code   RO         2516    i.dir_next          ff.o
    0x08005cf4   0x08005cf4   0x000001e4   Code   RO         2518    i.dir_register      ff.o
    0x08005ed8   0x08005ed8   0x00000082   Code   RO         2520    i.dir_sdi           ff.o
    0x08005f5a   0x08005f5a   0x00000002   PAD
    0x08005f5c   0x08005f5c   0x00000028   Code   RO         2812    i.disk_initialize   diskio.o
    0x08005f84   0x08005f84   0x0000001c   Code   RO         2813    i.disk_ioctl        diskio.o
    0x08005fa0   0x08005fa0   0x0000001c   Code   RO         2814    i.disk_read         diskio.o
    0x08005fbc   0x08005fbc   0x00000018   Code   RO         2815    i.disk_status       diskio.o
    0x08005fd4   0x08005fd4   0x0000001c   Code   RO         2816    i.disk_write        diskio.o
    0x08005ff0   0x08005ff0   0x00000028   Code   RO         2521    i.f_close           ff.o
    0x08006018   0x08006018   0x00000058   Code   RO         2527    i.f_mount           ff.o
    0x08006070   0x08006070   0x00000244   Code   RO         2528    i.f_open            ff.o
    0x080062b4   0x080062b4   0x00000152   Code   RO         2530    i.f_read            ff.o
    0x08006406   0x08006406   0x0000004c   Code   RO         3606    i.f_readline        boot.o
    0x08006452   0x08006452   0x0000008e   Code   RO         2534    i.f_sync            ff.o
    0x080064e0   0x080064e0   0x00000038   Code   RO         2879    i.ff_convert        unicode.o
    0x08006518   0x08006518   0x00000004   Code   RO         2855    i.ff_memalloc       syscall.o
    0x0800651c   0x0800651c   0x00000004   Code   RO         2856    i.ff_memfree        syscall.o
    0x08006520   0x08006520   0x00000080   Code   RO         2880    i.ff_wtoupper       unicode.o
    0x080065a0   0x080065a0   0x00000254   Code   RO         2538    i.find_volume       ff.o
    0x080067f4   0x080067f4   0x00000074   Code   RO         2539    i.follow_path       ff.o
    0x08006868   0x08006868   0x0000001c   Code   RO         3083    i.fputc             retarget.o
    0x08006884   0x08006884   0x00000050   Code   RO         4036    i.free              mc_w.l(malloc.o)
    0x080068d4   0x080068d4   0x00000080   Code   RO         2540    i.gen_numname       ff.o
    0x08006954   0x08006954   0x000000be   Code   RO         2541    i.get_fat           ff.o
    0x08006a12   0x08006a12   0x00000004   Code   RO         2817    i.get_fattime       diskio.o
    0x08006a16   0x08006a16   0x0000003c   Code   RO         2543    i.get_ldnumber      ff.o
    0x08006a52   0x08006a52   0x00000002   PAD
    0x08006a54   0x08006a54   0x00000080   Code   RO         2544    i.inc_lock          ff.o
    0x08006ad4   0x08006ad4   0x00000058   Code   RO         3237    i.lcdDisplay        lcd.o
    0x08006b2c   0x08006b2c   0x0000008c   Code   RO         3238    i.lcdDisplayCenter  lcd.o
    0x08006bb8   0x08006bb8   0x00000014   Code   RO         3242    i.lcdGetPin         lcd.o
    0x08006bcc   0x08006bcc   0x0000009c   Code   RO         3243    i.lcdInit           lcd.o
    0x08006c68   0x08006c68   0x00000090   Code   RO         3245    i.lcdRead           lcd.o
    0x08006cf8   0x08006cf8   0x0000000e   Code   RO         3247    i.lcdSetBkled       lcd.o
    0x08006d06   0x08006d06   0x0000000e   Code   RO         3249    i.lcdSetDDRAMAddr   lcd.o
    0x08006d14   0x08006d14   0x0000001c   Code   RO         3250    i.lcdSetPin         lcd.o
    0x08006d30   0x08006d30   0x00000090   Code   RO         3251    i.lcdWrite          lcd.o
    0x08006dc0   0x08006dc0   0x00000056   Code   RO         3252    i.lcdWriteCommand   lcd.o
    0x08006e16   0x08006e16   0x0000005e   Code   RO         3253    i.lcdWriteData      lcd.o
    0x08006e74   0x08006e74   0x00000026   Code   RO         2545    i.ld_clust          ff.o
    0x08006e9a   0x08006e9a   0x00000016   Code   RO         2546    i.ld_dword          ff.o
    0x08006eb0   0x08006eb0   0x0000000a   Code   RO         2547    i.ld_word           ff.o
    0x08006eba   0x08006eba   0x00000002   PAD
    0x08006ebc   0x08006ebc   0x00000014   Code   RO         3003    i.ledAlarm          main.o
    0x08006ed0   0x08006ed0   0x00000014   Code   RO         3004    i.ledStatus         main.o
    0x08006ee4   0x08006ee4   0x0000003c   Code   RO         3667    i.load              db.o
    0x08006f20   0x08006f20   0x00000270   Code   RO         3005    i.main              main.o
    0x08007190   0x08007190   0x0000006c   Code   RO         4037    i.malloc            mc_w.l(malloc.o)
    0x080071fc   0x080071fc   0x00000012   Code   RO         2548    i.mem_cpy           ff.o
    0x0800720e   0x0800720e   0x00000002   PAD
    0x08007210   0x08007210   0x0000000e   Code   RO         2549    i.mem_set           ff.o
    0x0800721e   0x0800721e   0x00000032   Code   RO         2550    i.move_window       ff.o
    0x08007250   0x08007250   0x00000058   Code   RO         3607    i.parseKeyValue     boot.o
    0x080072a8   0x080072a8   0x000000ea   Code   RO         2552    i.put_fat           ff.o
    0x08007392   0x08007392   0x00000074   Code   RO         2553    i.remove_chain      ff.o
    0x08007406   0x08007406   0x00000002   PAD
    0x08007408   0x08007408   0x00000064   Code   RO         3668    i.save              db.o
    0x0800746c   0x0800746c   0x00000028   Code   RO         2554    i.st_clust          ff.o
    0x08007494   0x08007494   0x00000010   Code   RO         2555    i.st_dword          ff.o
    0x080074a4   0x080074a4   0x00000008   Code   RO         2556    i.st_word           ff.o
    0x080074ac   0x080074ac   0x0000001a   Code   RO         2557    i.sum_sfn           ff.o
    0x080074c6   0x080074c6   0x00000002   PAD
    0x080074c8   0x080074c8   0x00000088   Code   RO         2558    i.sync_fs           ff.o
    0x08007550   0x08007550   0x00000052   Code   RO         2559    i.sync_window       ff.o
    0x080075a2   0x080075a2   0x00000034   Code   RO         2560    i.validate          ff.o
    0x080075d6   0x080075d6   0x000000aa   Data   RO         2562    .constdata          ff.o
    0x08007680   0x08007680   0x000003ae   Data   RO         2881    .constdata          unicode.o
    0x08007a2e   0x08007a2e   0x00000010   Data   RO         2964    .constdata          system_stm32f4xx.o
    0x08007a3e   0x08007a3e   0x00000008   Data   RO         2965    .constdata          system_stm32f4xx.o
    0x08007a46   0x08007a46   0x00000002   PAD
    0x08007a48   0x08007a48   0x00000014   Data   RO         3544    .constdata          usbh_diskio_dma.o
    0x08007a5c   0x08007a5c   0x00000081   Data   RO         4088    .constdata          mc_w.l(ctype_o.o)
    0x08007add   0x08007add   0x00000003   PAD
    0x08007ae0   0x08007ae0   0x00000004   Data   RO         4089    .constdata          mc_w.l(ctype_o.o)
    0x08007ae4   0x08007ae4   0x00000004   Data   RO         2249    .conststring        usbh_msc.o
    0x08007ae8   0x08007ae8   0x00000020   Data   RO         4145    Region$$Table       anon$$obj.o


    Execution Region RW_IRAM1 (Exec base: 0x20000000, Load base: 0x08007b08, Size: 0x00003830, Max: 0x00010000, ABSOLUTE)

    Exec Addr    Load Addr    Size         Type   Attr      Idx    E Section Name        Object

    0x20000000   0x08007b08   0x0000000c   Data   RW          267    .data               stm32f4xx_hal.o
    0x2000000c   0x08007b14   0x00000004   Data   RW         1426    .data               stm32f4xx_ll_usb.o
    0x20000010   0x08007b18   0x00000020   Data   RW         2250    .data               usbh_msc.o
    0x20000030   0x08007b38   0x0000000c   Data   RW         2563    .data               ff.o
    0x2000003c   0x08007b44   0x00000004   Data   RW         2966    .data               system_stm32f4xx.o
    0x20000040   0x08007b48   0x00000005   Data   RW         3007    .data               main.o
    0x20000045   0x08007b4d   0x00000003   PAD
    0x20000048   0x08007b50   0x00000060   Data   RW         3254    .data               lcd.o
    0x200000a8   0x08007bb0   0x00000014   Data   RW         3608    .data               boot.o
    0x200000bc   0x08007bc4   0x00000014   Data   RW         3670    .data               db.o
    0x200000d0   0x08007bd8   0x00000004   Data   RW         4080    .data               mc_w.l(stdout.o)
    0x200000d4   0x08007bdc   0x00000004   Data   RW         4115    .data               mc_w.l(mvars.o)
    0x200000d8   0x08007be0   0x00000004   Data   RW         4116    .data               mc_w.l(mvars.o)
    0x200000dc   0x08007be4   0x00000004   Data   RW         4120    .data               mc_w.l(errno.o)
    0x200000e0        -       0x00000020   Zero   RW          444    .bss                stm32f4xx_hal_flash.o
    0x20000100        -       0x00000010   Zero   RW         2453    .bss                ff_gen_drv.o
    0x20000110        -       0x00000020   Zero   RW         2561    .bss                ff.o
    0x20000130        -       0x00000144   Zero   RW         2910    .bss                usart.o
    0x20000274        -       0x00000500   Zero   RW         3006    .bss                main.o
    0x20000774        -       0x000002c4   Zero   RW         3398    .bss                usbh_conf.o
    0x20000a38        -       0x00000200   Zero   RW         3543    .bss                usbh_diskio_dma.o
    0x20000c38        -       0x000003f8   Zero   RW         3669    .bss                db.o
    0x20001030        -       0x00002000   Zero   RW            2    HEAP                startup_stm32f401xc.o
    0x20003030        -       0x00000800   Zero   RW            1    STACK               startup_stm32f401xc.o


==============================================================================

Image component sizes


      Code (inc. data)   RO Data    RW Data    ZI Data      Debug   Object Name

       856        264          0         20          0       6425   boot.o
       256         46          0         20       1016       4368   db.o
       152         22          0          0          0       4479   diskio.o
      5510        102        170         12         32      43072   ff.o
       128          8          0          0         16       7487   ff_gen_drv.o
        48          4          0          0          0        543   gpio.o
       928         54          0         96          0       9229   lcd.o
      1198        476          0          5       1280      14931   main.o
        28          4          0          0          0       2340   retarget.o
        36          8        404          0      10240        856   startup_stm32f401xc.o
       182         28          0         12          0       5299   stm32f4xx_hal.o
       266         14          0          0          0     432603   stm32f4xx_hal_cortex.o
        36          0          0          0          0       1363   stm32f4xx_hal_dma.o
       536         66          0          0         32       6858   stm32f4xx_hal_flash.o
       356         24          0          0          0       4350   stm32f4xx_hal_flash_ex.o
       412         34          0          0          0       3231   stm32f4xx_hal_gpio.o
      2258          4          0          0          0      13965   stm32f4xx_hal_hcd.o
      1318         94          0          0          0       7515   stm32f4xx_hal_rcc.o
       336         26          0          0          0       1552   stm32f4xx_hal_rcc_ex.o
      1822         14          0          0          0      10950   stm32f4xx_hal_uart.o
       156         14          0          0          0       5178   stm32f4xx_it.o
      1716         52          0          4          0      18569   stm32f4xx_ll_usb.o
         8          0          0          0          0       1703   syscall.o
        84         18         24          4          0       1351   system_stm32f4xx.o
       184         22        942          0          0       2259   unicode.o
       248         50          0          0        324       2455   usart.o
       444         24          0          0        708      12352   usbh_conf.o
      2180        738          0          0          0      19336   usbh_core.o
      1140         40          0          0          0      10898   usbh_ctlreq.o
       564        132         20          0        512       4652   usbh_diskio_dma.o
       172          0          0          0          0       4548   usbh_ioreq.o
      2530        438          4         32          0      15033   usbh_msc.o
       586         28          0          0          0       6560   usbh_msc_bot.o
       812          0          0          0          0       6511   usbh_msc_scsi.o
       106          0          0          0          0       3546   usbh_pipes.o

    ----------------------------------------------------------------------
     27646       2848       1598        208      14160     696367   Object Totals
         0          0         32          0          0          0   (incl. Generated)
        54          0          2          3          0          0   (incl. Padding)

    ----------------------------------------------------------------------

      Code (inc. data)   RO Data    RW Data    ZI Data      Debug   Library Member Name

        28          0          0          0          0         68   _chval.o
       158          0          0          0          0         92   _strtoul.o
         8          4        133          0          0         68   ctype_o.o
         0          0          0          0          0          0   entry.o
         0          0          0          0          0          0   entry10a.o
         0          0          0          0          0          0   entry11a.o
         8          4          0          0          0          0   entry2.o
         4          0          0          0          0          0   entry5.o
         0          0          0          0          0          0   entry7b.o
         0          0          0          0          0          0   entry8b.o
         8          4          0          0          0          0   entry9a.o
         8          4          0          4          0         68   errno.o
        30          0          0          0          0          0   handlers.o
        36          8          0          0          0         68   init.o
        30          0          0          0          0         68   llshl.o
        32          0          0          0          0         68   llushr.o
       188         20          0          0          0        160   malloc.o
        26          0          0          0          0         80   memcmp.o
        36          0          0          0          0         68   memcpya.o
        36          0          0          0          0        108   memseta.o
         0          0          0          8          0          0   mvars.o
      1224         58          0          0          0        504   printf8.o
         0          0          0          4          0          0   stdout.o
        28          0          0          0          0         76   strcmp.o
        14          0          0          0          0         68   strlen.o
       112          0          0          0          0         88   strtol.o
        98          0          0          0          0         92   uldiv.o

    ----------------------------------------------------------------------
      2116        102        136         16          0       1744   Library Totals
         4          0          3          0          0          0   (incl. Padding)

    ----------------------------------------------------------------------

      Code (inc. data)   RO Data    RW Data    ZI Data      Debug   Library Name

      2112        102        133         16          0       1744   mc_w.l

    ----------------------------------------------------------------------
      2116        102        136         16          0       1744   Library Totals

    ----------------------------------------------------------------------

==============================================================================


      Code (inc. data)   RO Data    RW Data    ZI Data      Debug   

     29762       2950       1734        224      14160     670931   Grand Totals
     29762       2950       1734        224      14160     670931   ELF Image Totals
     29762       2950       1734        224          0          0   ROM Totals

==============================================================================

    Total RO  Size (Code + RO Data)                31496 (  30.76kB)
    Total RW  Size (RW Data + ZI Data)             14384 (  14.05kB)
    Total ROM Size (Code + RO Data + RW Data)      31720 (  30.98kB)

==============================================================================

